[2m2026-07-31T18:47:10.074523Z[0m [[32m[1mdebug    [0m] [1mloaded lazy attr 'SafeConfigParser': <class 'configparser.ConfigParser'>[0m [[0m[1m[34mpasslib.utils.compat[0m][0m
[2m2026-07-31T18:47:10.075574Z[0m [[32m[1mdebug    [0m] [1mloaded lazy attr 'NativeStringIO': <class '_io.StringIO'>[0m [[0m[1m[34mpasslib.utils.compat[0m][0m
[2m2026-07-31T18:47:10.076127Z[0m [[32m[1mdebug    [0m] [1mloaded lazy attr 'BytesIO': <class '_io.BytesIO'>[0m [[0m[1m[34mpasslib.utils.compat[0m][0m
[2m2026-07-31T18:47:10.099728Z[0m [[32m[1mdebug    [0m] [1mregistered 'bcrypt' handler: <class 'passlib.handlers.bcrypt.bcrypt'>[0m [[0m[1m[34mpasslib.registry[0m][0m
[2m2026-07-31T18:58:35.864536Z[0m [[32m[1mdebug    [0m] [1mloaded lazy attr 'SafeConfigParser': <class 'configparser.ConfigParser'>[0m [[0m[1m[34mpasslib.utils.compat[0m][0m
[2m2026-07-31T18:58:35.865409Z[0m [[32m[1mdebug    [0m] [1mloaded lazy attr 'NativeStringIO': <class '_io.StringIO'>[0m [[0m[1m[34mpasslib.utils.compat[0m][0m
[2m2026-07-31T18:58:35.865800Z[0m [[32m[1mdebug    [0m] [1mloaded lazy attr 'BytesIO': <class '_io.BytesIO'>[0m [[0m[1m[34mpasslib.utils.compat[0m][0m
[2m2026-07-31T18:58:35.884857Z[0m [[32m[1mdebug    [0m] [1mregistered 'bcrypt' handler: <class 'passlib.handlers.bcrypt.bcrypt'>[0m [[0m[1m[34mpasslib.registry[0m][0m
[2m2026-07-31T19:00:21.185116Z[0m [[32m[1mdebug    [0m] [1mloaded lazy attr 'SafeConfigParser': <class 'configparser.ConfigParser'>[0m [[0m[1m[34mpasslib.utils.compat[0m][0m
[2m2026-07-31T19:00:21.206878Z[0m [[32m[1mdebug    [0m] [1mloaded lazy attr 'NativeStringIO': <class '_io.StringIO'>[0m [[0m[1m[34mpasslib.utils.compat[0m][0m
[2m2026-07-31T19:00:21.214480Z[0m [[32m[1mdebug    [0m] [1mloaded lazy attr 'BytesIO': <class '_io.BytesIO'>[0m [[0m[1m[34mpasslib.utils.compat[0m][0m
[2m2026-07-31T19:00:21.259130Z[0m [[32m[1mdebug    [0m] [1mregistered 'bcrypt' handler: <class 'passlib.handlers.bcrypt.bcrypt'>[0m [[0m[1m[34mpasslib.registry[0m][0m
[2m2026-07-31T19:02:54.283163Z[0m [[32m[1mdebug    [0m] [1mloaded lazy attr 'SafeConfigParser': <class 'configparser.ConfigParser'>[0m [[0m[1m[34mpasslib.utils.compat[0m][0m
[2m2026-07-31T19:02:54.305239Z[0m [[32m[1mdebug    [0m] [1mloaded lazy attr 'NativeStringIO': <class '_io.StringIO'>[0m [[0m[1m[34mpasslib.utils.compat[0m][0m
[2m2026-07-31T19:02:54.313434Z[0m [[32m[1mdebug    [0m] [1mloaded lazy attr 'BytesIO': <class '_io.BytesIO'>[0m [[0m[1m[34mpasslib.utils.compat[0m][0m
[2m2026-07-31T19:02:54.668699Z[0m [[32m[1mdebug    [0m] [1mregistered 'bcrypt' handler: <class 'passlib.handlers.bcrypt.bcrypt'>[0m [[0m[1m[34mpasslib.registry[0m][0m
[2m2026-07-31T19:05:04.794910Z[0m [[32m[1mdebug    [0m] [1mloaded lazy attr 'SafeConfigParser': <class 'configparser.ConfigParser'>[0m [[0m[1m[34mpasslib.utils.compat[0m][0m
[2m2026-07-31T19:05:04.797569Z[0m [[32m[1mdebug    [0m] [1mloaded lazy attr 'NativeStringIO': <class '_io.StringIO'>[0m [[0m[1m[34mpasslib.utils.compat[0m][0m
[2m2026-07-31T19:05:04.800480Z[0m [[32m[1mdebug    [0m] [1mloaded lazy attr 'BytesIO': <class '_io.BytesIO'>[0m [[0m[1m[34mpasslib.utils.compat[0m][0m
[2m2026-07-31T19:05:04.831442Z[0m [[32m[1mdebug    [0m] [1mregistered 'bcrypt' handler: <class 'passlib.handlers.bcrypt.bcrypt'>[0m [[0m[1m[34mpasslib.registry[0m][0m
[2m2026-07-31T19:06:09.476053Z[0m [[32m[1mdebug    [0m] [1mloaded lazy attr 'SafeConfigParser': <class 'configparser.ConfigParser'>[0m [[0m[1m[34mpasslib.utils.compat[0m][0m
[2m2026-07-31T19:06:09.482110Z[0m [[32m[1mdebug    [0m] [1mloaded lazy attr 'NativeStringIO': <class '_io.StringIO'>[0m [[0m[1m[34mpasslib.utils.compat[0m][0m
[2m2026-07-31T19:06:09.486743Z[0m [[32m[1mdebug    [0m] [1mloaded lazy attr 'BytesIO': <class '_io.BytesIO'>[0m [[0m[1m[34mpasslib.utils.compat[0m][0m
[2m2026-07-31T19:06:09.513989Z[0m [[32m[1mdebug    [0m] [1mregistered 'bcrypt' handler: <class 'passlib.handlers.bcrypt.bcrypt'>[0m [[0m[1m[34mpasslib.registry[0m][0m
[2m2026-07-31T19:07:18.909313Z[0m [[32m[1mdebug    [0m] [1mloaded lazy attr 'SafeConfigParser': <class 'configparser.ConfigParser'>[0m [[0m[1m[34mpasslib.utils.compat[0m][0m
[2m2026-07-31T19:07:18.911075Z[0m [[32m[1mdebug    [0m] [1mloaded lazy attr 'NativeStringIO': <class '_io.StringIO'>[0m [[0m[1m[34mpasslib.utils.compat[0m][0m
[2m2026-07-31T19:07:18.912054Z[0m [[32m[1mdebug    [0m] [1mloaded lazy attr 'BytesIO': <class '_io.BytesIO'>[0m [[0m[1m[34mpasslib.utils.compat[0m][0m
[2m2026-07-31T19:07:18.938290Z[0m [[32m[1mdebug    [0m] [1mregistered 'bcrypt' handler: <class 'passlib.handlers.bcrypt.bcrypt'>[0m [[0m[1m[34mpasslib.registry[0m][0m
[2m2026-07-31T19:08:40.559884Z[0m [[32m[1mdebug    [0m] [1mloaded lazy attr 'SafeConfigParser': <class 'configparser.ConfigParser'>[0m [[0m[1m[34mpasslib.utils.compat[0m][0m
[2m2026-07-31T19:08:40.560691Z[0m [[32m[1mdebug    [0m] [1mloaded lazy attr 'NativeStringIO': <class '_io.StringIO'>[0m [[0m[1m[34mpasslib.utils.compat[0m][0m
[2m2026-07-31T19:08:40.561012Z[0m [[32m[1mdebug    [0m] [1mloaded lazy attr 'BytesIO': <class '_io.BytesIO'>[0m [[0m[1m[34mpasslib.utils.compat[0m][0m
[2m2026-07-31T19:08:40.572484Z[0m [[32m[1mdebug    [0m] [1mregistered 'bcrypt' handler: <class 'passlib.handlers.bcrypt.bcrypt'>[0m [[0m[1m[34mpasslib.registry[0m][0m
[2m2026-07-31T19:09:58.741370Z[0m [[32m[1mdebug    [0m] [1mloaded lazy attr 'SafeConfigParser': <class 'configparser.ConfigParser'>[0m [[0m[1m[34mpasslib.utils.compat[0m][0m
[2m2026-07-31T19:09:58.744625Z[0m [[32m[1mdebug    [0m] [1mloaded lazy attr 'NativeStringIO': <class '_io.StringIO'>[0m [[0m[1m[34mpasslib.utils.compat[0m][0m
[2m2026-07-31T19:09:58.745820Z[0m [[32m[1mdebug    [0m] [1mloaded lazy attr 'BytesIO': <class '_io.BytesIO'>[0m [[0m[1m[34mpasslib.utils.compat[0m][0m
[2m2026-07-31T19:09:58.771616Z[0m [[32m[1mdebug    [0m] [1mregistered 'bcrypt' handler: <class 'passlib.handlers.bcrypt.bcrypt'>[0m [[0m[1m[34mpasslib.registry[0m][0m
[2m2026-07-31T19:10:45.771753Z[0m [[32m[1mdebug    [0m] [1m
def send_notification_task(self, payload):
    return 1
[0m [[0m[1m[34mcelery.utils.functional[0m][0m
[2m2026-07-31T19:10:49.586768Z[0m [[32m[1mdebug    [0m] [1mUsing proactor: IocpProactor  [0m [[0m[1m[34masyncio[0m][0m
[2m2026-07-31T19:15:11.686306Z[0m [[31m[1merror    [0m] [1mUnhandled exception during request /api/auth/verify-email: (psycopg.errors.ConnectionTimeout) connection timeout expired
Multiple connection attempts failed. All failures were:
- host: 'localhost', port: 5432, hostaddr: '::1': connection timeout expired
- host: 'localhost', port: 5432, hostaddr: '127.0.0.1': connection timeout expired
(Background on this error at: https://sqlalche.me/e/20/e3q8)[0m [[0m[1m[34mdevlink[0m][0m
Traceback (most recent call last):
  File "C:\Users\babin\Desktop\ECSoC_2026\devlink\backend\venv\Lib\site-packages\sqlalchemy\engine\base.py", line 144, in __init__
    self._dbapi_connection = engine.raw_connection()
                             ~~~~~~~~~~~~~~~~~~~~~^^
  File "C:\Users\babin\Desktop\ECSoC_2026\devlink\backend\venv\Lib\site-packages\sqlalchemy\engine\base.py", line 3319, in raw_connection
    return self.pool.connect()
           ~~~~~~~~~~~~~~~~~^^
  File "C:\Users\babin\Desktop\ECSoC_2026\devlink\backend\venv\Lib\site-packages\sqlalchemy\pool\base.py", line 448, in connect
    return _ConnectionFairy._checkout(self)
           ~~~~~~~~~~~~~~~~~~~~~~~~~~^^^^^^
  File "C:\Users\babin\Desktop\ECSoC_2026\devlink\backend\venv\Lib\site-packages\sqlalchemy\pool\base.py", line 1272, in _checkout
    fairy = _ConnectionRecord.checkout(pool)
  File "C:\Users\babin\Desktop\ECSoC_2026\devlink\backend\venv\Lib\site-packages\sqlalchemy\pool\base.py", line 712, in checkout
    rec = pool._do_get()
  File "C:\Users\babin\Desktop\ECSoC_2026\devlink\backend\venv\Lib\site-packages\sqlalchemy\pool\impl.py", line 178, in _do_get
    with util.safe_reraise():
         ~~~~~~~~~~~~~~~~~^^
  File "C:\Users\babin\Desktop\ECSoC_2026\devlink\backend\venv\Lib\site-packages\sqlalchemy\util\langhelpers.py", line 122, in __exit__
    raise exc_value.with_traceback(exc_tb)
  File "C:\Users\babin\Desktop\ECSoC_2026\devlink\backend\venv\Lib\site-packages\sqlalchemy\pool\impl.py", line 176, in _do_get
    return self._create_connection()
           ~~~~~~~~~~~~~~~~~~~~~~~^^
  File "C:\Users\babin\Desktop\ECSoC_2026\devlink\backend\venv\Lib\site-packages\sqlalchemy\pool\base.py", line 389, in _create_connection
    return _ConnectionRecord(self)
  File "C:\Users\babin\Desktop\ECSoC_2026\devlink\backend\venv\Lib\site-packages\sqlalchemy\pool\base.py", line 674, in __init__
    self.__connect()
    ~~~~~~~~~~~~~~^^
  File "C:\Users\babin\Desktop\ECSoC_2026\devlink\backend\venv\Lib\site-packages\sqlalchemy\pool\base.py", line 900, in __connect
    with util.safe_reraise():
         ~~~~~~~~~~~~~~~~~^^
  File "C:\Users\babin\Desktop\ECSoC_2026\devlink\backend\venv\Lib\site-packages\sqlalchemy\util\langhelpers.py", line 122, in __exit__
    raise exc_value.with_traceback(exc_tb)
  File "C:\Users\babin\Desktop\ECSoC_2026\devlink\backend\venv\Lib\site-packages\sqlalchemy\pool\base.py", line 896, in __connect
    self.dbapi_connection = connection = pool._invoke_creator(self)
                                         ~~~~~~~~~~~~~~~~~~~~^^^^^^
  File "C:\Users\babin\Desktop\ECSoC_2026\devlink\backend\venv\Lib\site-packages\sqlalchemy\engine\create.py", line 667, in connect
    return dialect.connect(*cargs_tup, **cparams)
           ~~~~~~~~~~~~~~~^^^^^^^^^^^^^^^^^^^^^^^
  File "C:\Users\babin\Desktop\ECSoC_2026\devlink\backend\venv\Lib\site-packages\sqlalchemy\engine\default.py", line 630, in connect
    return self.loaded_dbapi.connect(*cargs, **cparams)  # type: ignore[no-any-return]  # NOQA: E501
           ~~~~~~~~~~~~~~~~~~~~~~~~~^^^^^^^^^^^^^^^^^^^
  File "C:\Users\babin\Desktop\ECSoC_2026\devlink\backend\venv\Lib\site-packages\psycopg\connection.py", line 130, in connect
    raise new_ex.with_traceback(None)
psycopg.errors.ConnectionTimeout: connection timeout expired
Multiple connection attempts failed. All failures were:
- host: 'localhost', port: 5432, hostaddr: '::1': connection timeout expired
- host: 'localhost', port: 5432, hostaddr: '127.0.0.1': connection timeout expired

The above exception was the direct cause of the following exception:

Traceback (most recent call last):
  File "C:\Users\babin\Desktop\ECSoC_2026\devlink\backend\venv\Lib\site-packages\starlette\middleware\errors.py", line 164, in __call__
    await self.app(scope, receive, _send)
  File "C:\Users\babin\Desktop\ECSoC_2026\devlink\backend\venv\Lib\site-packages\starlette\middleware\cors.py", line 88, in __call__
    await self.app(scope, receive, send)
  File "C:\Users\babin\Desktop\ECSoC_2026\devlink\backend\venv\Lib\site-packages\starlette\middleware\base.py", line 193, in __call__
    response = await self.dispatch_func(request, call_next)
               ^^^^^^^^^^^^^^^^^^^^^^^^^^^^^^^^^^^^^^^^^^^^
  File "C:\Users\babin\Desktop\ECSoC_2026\devlink\backend\app\middleware\org_audit_logging.py", line 18, in dispatch
    response: Response = await call_next(request)
                         ^^^^^^^^^^^^^^^^^^^^^^^^
  File "C:\Users\babin\Desktop\ECSoC_2026\devlink\backend\venv\Lib\site-packages\starlette\middleware\base.py", line 168, in call_next
    raise app_exc from app_exc.__cause__ or app_exc.__context__
  File "C:\Users\babin\Desktop\ECSoC_2026\devlink\backend\venv\Lib\site-packages\starlette\middleware\base.py", line 144, in coro
    await self.app(scope, receive_or_disconnect, send_no_error)
  File "C:\Users\babin\Desktop\ECSoC_2026\devlink\backend\venv\Lib\site-packages\starlette\middleware\base.py", line 193, in __call__
    response = await self.dispatch_func(request, call_next)
               ^^^^^^^^^^^^^^^^^^^^^^^^^^^^^^^^^^^^^^^^^^^^
  File "C:\Users\babin\Desktop\ECSoC_2026\devlink\backend\app\middleware\audit_context.py", line 36, in dispatch
    response = await call_next(request)
               ^^^^^^^^^^^^^^^^^^^^^^^^
  File "C:\Users\babin\Desktop\ECSoC_2026\devlink\backend\venv\Lib\site-packages\starlette\middleware\base.py", line 168, in call_next
    raise app_exc from app_exc.__cause__ or app_exc.__context__
  File "C:\Users\babin\Desktop\ECSoC_2026\devlink\backend\venv\Lib\site-packages\starlette\middleware\base.py", line 144, in coro
    await self.app(scope, receive_or_disconnect, send_no_error)
  File "C:\Users\babin\Desktop\ECSoC_2026\devlink\backend\venv\Lib\site-packages\starlette\middleware\base.py", line 193, in __call__
    response = await self.dispatch_func(request, call_next)
               ^^^^^^^^^^^^^^^^^^^^^^^^^^^^^^^^^^^^^^^^^^^^
  File "C:\Users\babin\Desktop\ECSoC_2026\devlink\backend\app\middleware\maintenance.py", line 59, in dispatch
    maintenance = get_active_maintenance()
  File "C:\Users\babin\Desktop\ECSoC_2026\devlink\backend\app\middleware\maintenance.py", line 37, in get_active_maintenance
    window = db.scalar(stmt)
  File "C:\Users\babin\Desktop\ECSoC_2026\devlink\backend\venv\Lib\site-packages\sqlalchemy\orm\session.py", line 2421, in scalar
    return self._execute_internal(
           ~~~~~~~~~~~~~~~~~~~~~~^
        statement,
        ^^^^^^^^^^
    ...<4 lines>...
        **kw,
        ^^^^^
    )
    ^
  File "C:\Users\babin\Desktop\ECSoC_2026\devlink\backend\venv\Lib\site-packages\sqlalchemy\orm\session.py", line 2261, in _execute_internal
    conn = self._connection_for_bind(bind)
  File "C:\Users\babin\Desktop\ECSoC_2026\devlink\backend\venv\Lib\site-packages\sqlalchemy\orm\session.py", line 2113, in _connection_for_bind
    return trans._connection_for_bind(engine, execution_options)
           ~~~~~~~~~~~~~~~~~~~~~~~~~~^^^^^^^^^^^^^^^^^^^^^^^^^^^
  File "<string>", line 2, in _connection_for_bind
  File "C:\Users\babin\Desktop\ECSoC_2026\devlink\backend\venv\Lib\site-packages\sqlalchemy\orm\state_changes.py", line 137, in _go
    ret_value = fn(self, *arg, **kw)
  File "C:\Users\babin\Desktop\ECSoC_2026\devlink\backend\venv\Lib\site-packages\sqlalchemy\orm\session.py", line 1191, in _connection_for_bind
    conn = bind.connect()
  File "C:\Users\babin\Desktop\ECSoC_2026\devlink\backend\venv\Lib\site-packages\sqlalchemy\engine\base.py", line 3295, in connect
    return self._connection_cls(self)
           ~~~~~~~~~~~~~~~~~~~~^^^^^^
  File "C:\Users\babin\Desktop\ECSoC_2026\devlink\backend\venv\Lib\site-packages\sqlalchemy\engine\base.py", line 146, in __init__
    Connection._handle_dbapi_exception_noconnection(
    ~~~~~~~~~~~~~~~~~~~~~~~~~~~~~~~~~~~~~~~~~~~~~~~^
        err, dialect, engine
        ^^^^^^^^^^^^^^^^^^^^
    )
    ^
  File "C:\Users\babin\Desktop\ECSoC_2026\devlink\backend\venv\Lib\site-packages\sqlalchemy\engine\base.py", line 2450, in _handle_dbapi_exception_noconnection
    raise sqlalchemy_exception.with_traceback(exc_info[2]) from e
  File "C:\Users\babin\Desktop\ECSoC_2026\devlink\backend\venv\Lib\site-packages\sqlalchemy\engine\base.py", line 144, in __init__
    self._dbapi_connection = engine.raw_connection()
                             ~~~~~~~~~~~~~~~~~~~~~^^
  File "C:\Users\babin\Desktop\ECSoC_2026\devlink\backend\venv\Lib\site-packages\sqlalchemy\engine\base.py", line 3319, in raw_connection
    return self.pool.connect()
           ~~~~~~~~~~~~~~~~~^^
  File "C:\Users\babin\Desktop\ECSoC_2026\devlink\backend\venv\Lib\site-packages\sqlalchemy\pool\base.py", line 448, in connect
    return _ConnectionFairy._checkout(self)
           ~~~~~~~~~~~~~~~~~~~~~~~~~~^^^^^^
  File "C:\Users\babin\Desktop\ECSoC_2026\devlink\backend\venv\Lib\site-packages\sqlalchemy\pool\base.py", line 1272, in _checkout
    fairy = _ConnectionRecord.checkout(pool)
  File "C:\Users\babin\Desktop\ECSoC_2026\devlink\backend\venv\Lib\site-packages\sqlalchemy\pool\base.py", line 712, in checkout
    rec = pool._do_get()
  File "C:\Users\babin\Desktop\ECSoC_2026\devlink\backend\venv\Lib\site-packages\sqlalchemy\pool\impl.py", line 178, in _do_get
    with util.safe_reraise():
         ~~~~~~~~~~~~~~~~~^^
  File "C:\Users\babin\Desktop\ECSoC_2026\devlink\backend\venv\Lib\site-packages\sqlalchemy\util\langhelpers.py", line 122, in __exit__
    raise exc_value.with_traceback(exc_tb)
  File "C:\Users\babin\Desktop\ECSoC_2026\devlink\backend\venv\Lib\site-packages\sqlalchemy\pool\impl.py", line 176, in _do_get
    return self._create_connection()
           ~~~~~~~~~~~~~~~~~~~~~~~^^
  File "C:\Users\babin\Desktop\ECSoC_2026\devlink\backend\venv\Lib\site-packages\sqlalchemy\pool\base.py", line 389, in _create_connection
    return _ConnectionRecord(self)
  File "C:\Users\babin\Desktop\ECSoC_2026\devlink\backend\venv\Lib\site-packages\sqlalchemy\pool\base.py", line 674, in __init__
    self.__connect()
    ~~~~~~~~~~~~~~^^
  File "C:\Users\babin\Desktop\ECSoC_2026\devlink\backend\venv\Lib\site-packages\sqlalchemy\pool\base.py", line 900, in __connect
    with util.safe_reraise():
         ~~~~~~~~~~~~~~~~~^^
  File "C:\Users\babin\Desktop\ECSoC_2026\devlink\backend\venv\Lib\site-packages\sqlalchemy\util\langhelpers.py", line 122, in __exit__
    raise exc_value.with_traceback(exc_tb)
  File "C:\Users\babin\Desktop\ECSoC_2026\devlink\backend\venv\Lib\site-packages\sqlalchemy\pool\base.py", line 896, in __connect
    self.dbapi_connection = connection = pool._invoke_creator(self)
                                         ~~~~~~~~~~~~~~~~~~~~^^^^^^
  File "C:\Users\babin\Desktop\ECSoC_2026\devlink\backend\venv\Lib\site-packages\sqlalchemy\engine\create.py", line 667, in connect
    return dialect.connect(*cargs_tup, **cparams)
           ~~~~~~~~~~~~~~~^^^^^^^^^^^^^^^^^^^^^^^
  File "C:\Users\babin\Desktop\ECSoC_2026\devlink\backend\venv\Lib\site-packages\sqlalchemy\engine\default.py", line 630, in connect
    return self.loaded_dbapi.connect(*cargs, **cparams)  # type: ignore[no-any-return]  # NOQA: E501
           ~~~~~~~~~~~~~~~~~~~~~~~~~^^^^^^^^^^^^^^^^^^^
  File "C:\Users\babin\Desktop\ECSoC_2026\devlink\backend\venv\Lib\site-packages\psycopg\connection.py", line 130, in connect
    raise new_ex.with_traceback(None)
sqlalchemy.exc.OperationalError: (psycopg.errors.ConnectionTimeout) connection timeout expired
Multiple connection attempts failed. All failures were:
- host: 'localhost', port: 5432, hostaddr: '::1': connection timeout expired
- host: 'localhost', port: 5432, hostaddr: '127.0.0.1': connection timeout expired
(Background on this error at: https://sqlalche.me/e/20/e3q8)
[2m2026-07-31T19:15:30.772101Z[0m [[32m[1mdebug    [0m] [1mUsing proactor: IocpProactor  [0m [[0m[1m[34masyncio[0m][0m
[2m2026-07-31T19:19:53.644376Z[0m [[31m[1merror    [0m] [1mUnhandled exception during request /api/auth/verify-email: (psycopg.errors.ConnectionTimeout) connection timeout expired
Multiple connection attempts failed. All failures were:
- host: 'localhost', port: 5432, hostaddr: '::1': connection timeout expired
- host: 'localhost', port: 5432, hostaddr: '127.0.0.1': connection timeout expired
(Background on this error at: https://sqlalche.me/e/20/e3q8)[0m [[0m[1m[34mdevlink[0m][0m
Traceback (most recent call last):
  File "C:\Users\babin\Desktop\ECSoC_2026\devlink\backend\venv\Lib\site-packages\sqlalchemy\engine\base.py", line 144, in __init__
    self._dbapi_connection = engine.raw_connection()
                             ~~~~~~~~~~~~~~~~~~~~~^^
  File "C:\Users\babin\Desktop\ECSoC_2026\devlink\backend\venv\Lib\site-packages\sqlalchemy\engine\base.py", line 3319, in raw_connection
    return self.pool.connect()
           ~~~~~~~~~~~~~~~~~^^
  File "C:\Users\babin\Desktop\ECSoC_2026\devlink\backend\venv\Lib\site-packages\sqlalchemy\pool\base.py", line 448, in connect
    return _ConnectionFairy._checkout(self)
           ~~~~~~~~~~~~~~~~~~~~~~~~~~^^^^^^
  File "C:\Users\babin\Desktop\ECSoC_2026\devlink\backend\venv\Lib\site-packages\sqlalchemy\pool\base.py", line 1272, in _checkout
    fairy = _ConnectionRecord.checkout(pool)
  File "C:\Users\babin\Desktop\ECSoC_2026\devlink\backend\venv\Lib\site-packages\sqlalchemy\pool\base.py", line 712, in checkout
    rec = pool._do_get()
  File "C:\Users\babin\Desktop\ECSoC_2026\devlink\backend\venv\Lib\site-packages\sqlalchemy\pool\impl.py", line 178, in _do_get
    with util.safe_reraise():
         ~~~~~~~~~~~~~~~~~^^
  File "C:\Users\babin\Desktop\ECSoC_2026\devlink\backend\venv\Lib\site-packages\sqlalchemy\util\langhelpers.py", line 122, in __exit__
    raise exc_value.with_traceback(exc_tb)
  File "C:\Users\babin\Desktop\ECSoC_2026\devlink\backend\venv\Lib\site-packages\sqlalchemy\pool\impl.py", line 176, in _do_get
    return self._create_connection()
           ~~~~~~~~~~~~~~~~~~~~~~~^^
  File "C:\Users\babin\Desktop\ECSoC_2026\devlink\backend\venv\Lib\site-packages\sqlalchemy\pool\base.py", line 389, in _create_connection
    return _ConnectionRecord(self)
  File "C:\Users\babin\Desktop\ECSoC_2026\devlink\backend\venv\Lib\site-packages\sqlalchemy\pool\base.py", line 674, in __init__
    self.__connect()
    ~~~~~~~~~~~~~~^^
  File "C:\Users\babin\Desktop\ECSoC_2026\devlink\backend\venv\Lib\site-packages\sqlalchemy\pool\base.py", line 900, in __connect
    with util.safe_reraise():
         ~~~~~~~~~~~~~~~~~^^
  File "C:\Users\babin\Desktop\ECSoC_2026\devlink\backend\venv\Lib\site-packages\sqlalchemy\util\langhelpers.py", line 122, in __exit__
    raise exc_value.with_traceback(exc_tb)
  File "C:\Users\babin\Desktop\ECSoC_2026\devlink\backend\venv\Lib\site-packages\sqlalchemy\pool\base.py", line 896, in __connect
    self.dbapi_connection = connection = pool._invoke_creator(self)
                                         ~~~~~~~~~~~~~~~~~~~~^^^^^^
  File "C:\Users\babin\Desktop\ECSoC_2026\devlink\backend\venv\Lib\site-packages\sqlalchemy\engine\create.py", line 667, in connect
    return dialect.connect(*cargs_tup, **cparams)
           ~~~~~~~~~~~~~~~^^^^^^^^^^^^^^^^^^^^^^^
  File "C:\Users\babin\Desktop\ECSoC_2026\devlink\backend\venv\Lib\site-packages\sqlalchemy\engine\default.py", line 630, in connect
    return self.loaded_dbapi.connect(*cargs, **cparams)  # type: ignore[no-any-return]  # NOQA: E501
           ~~~~~~~~~~~~~~~~~~~~~~~~~^^^^^^^^^^^^^^^^^^^
  File "C:\Users\babin\Desktop\ECSoC_2026\devlink\backend\venv\Lib\site-packages\psycopg\connection.py", line 130, in connect
    raise new_ex.with_traceback(None)
psycopg.errors.ConnectionTimeout: connection timeout expired
Multiple connection attempts failed. All failures were:
- host: 'localhost', port: 5432, hostaddr: '::1': connection timeout expired
- host: 'localhost', port: 5432, hostaddr: '127.0.0.1': connection timeout expired

The above exception was the direct cause of the following exception:

Traceback (most recent call last):
  File "C:\Users\babin\Desktop\ECSoC_2026\devlink\backend\venv\Lib\site-packages\starlette\middleware\errors.py", line 164, in __call__
    await self.app(scope, receive, _send)
  File "C:\Users\babin\Desktop\ECSoC_2026\devlink\backend\venv\Lib\site-packages\starlette\middleware\cors.py", line 88, in __call__
    await self.app(scope, receive, send)
  File "C:\Users\babin\Desktop\ECSoC_2026\devlink\backend\venv\Lib\site-packages\starlette\middleware\base.py", line 193, in __call__
    response = await self.dispatch_func(request, call_next)
               ^^^^^^^^^^^^^^^^^^^^^^^^^^^^^^^^^^^^^^^^^^^^
  File "C:\Users\babin\Desktop\ECSoC_2026\devlink\backend\app\middleware\org_audit_logging.py", line 18, in dispatch
    response: Response = await call_next(request)
                         ^^^^^^^^^^^^^^^^^^^^^^^^
  File "C:\Users\babin\Desktop\ECSoC_2026\devlink\backend\venv\Lib\site-packages\starlette\middleware\base.py", line 168, in call_next
    raise app_exc from app_exc.__cause__ or app_exc.__context__
  File "C:\Users\babin\Desktop\ECSoC_2026\devlink\backend\venv\Lib\site-packages\starlette\middleware\base.py", line 144, in coro
    await self.app(scope, receive_or_disconnect, send_no_error)
  File "C:\Users\babin\Desktop\ECSoC_2026\devlink\backend\venv\Lib\site-packages\starlette\middleware\base.py", line 193, in __call__
    response = await self.dispatch_func(request, call_next)
               ^^^^^^^^^^^^^^^^^^^^^^^^^^^^^^^^^^^^^^^^^^^^
  File "C:\Users\babin\Desktop\ECSoC_2026\devlink\backend\app\middleware\audit_context.py", line 36, in dispatch
    response = await call_next(request)
               ^^^^^^^^^^^^^^^^^^^^^^^^
  File "C:\Users\babin\Desktop\ECSoC_2026\devlink\backend\venv\Lib\site-packages\starlette\middleware\base.py", line 168, in call_next
    raise app_exc from app_exc.__cause__ or app_exc.__context__
  File "C:\Users\babin\Desktop\ECSoC_2026\devlink\backend\venv\Lib\site-packages\starlette\middleware\base.py", line 144, in coro
    await self.app(scope, receive_or_disconnect, send_no_error)
  File "C:\Users\babin\Desktop\ECSoC_2026\devlink\backend\venv\Lib\site-packages\starlette\middleware\base.py", line 193, in __call__
    response = await self.dispatch_func(request, call_next)
               ^^^^^^^^^^^^^^^^^^^^^^^^^^^^^^^^^^^^^^^^^^^^
  File "C:\Users\babin\Desktop\ECSoC_2026\devlink\backend\app\middleware\maintenance.py", line 59, in dispatch
    maintenance = get_active_maintenance()
  File "C:\Users\babin\Desktop\ECSoC_2026\devlink\backend\app\middleware\maintenance.py", line 37, in get_active_maintenance
    window = db.scalar(stmt)
  File "C:\Users\babin\Desktop\ECSoC_2026\devlink\backend\venv\Lib\site-packages\sqlalchemy\orm\session.py", line 2421, in scalar
    return self._execute_internal(
           ~~~~~~~~~~~~~~~~~~~~~~^
        statement,
        ^^^^^^^^^^
    ...<4 lines>...
        **kw,
        ^^^^^
    )
    ^
  File "C:\Users\babin\Desktop\ECSoC_2026\devlink\backend\venv\Lib\site-packages\sqlalchemy\orm\session.py", line 2261, in _execute_internal
    conn = self._connection_for_bind(bind)
  File "C:\Users\babin\Desktop\ECSoC_2026\devlink\backend\venv\Lib\site-packages\sqlalchemy\orm\session.py", line 2113, in _connection_for_bind
    return trans._connection_for_bind(engine, execution_options)
           ~~~~~~~~~~~~~~~~~~~~~~~~~~^^^^^^^^^^^^^^^^^^^^^^^^^^^
  File "<string>", line 2, in _connection_for_bind
  File "C:\Users\babin\Desktop\ECSoC_2026\devlink\backend\venv\Lib\site-packages\sqlalchemy\orm\state_changes.py", line 137, in _go
    ret_value = fn(self, *arg, **kw)
  File "C:\Users\babin\Desktop\ECSoC_2026\devlink\backend\venv\Lib\site-packages\sqlalchemy\orm\session.py", line 1191, in _connection_for_bind
    conn = bind.connect()
  File "C:\Users\babin\Desktop\ECSoC_2026\devlink\backend\venv\Lib\site-packages\sqlalchemy\engine\base.py", line 3295, in connect
    return self._connection_cls(self)
           ~~~~~~~~~~~~~~~~~~~~^^^^^^
  File "C:\Users\babin\Desktop\ECSoC_2026\devlink\backend\venv\Lib\site-packages\sqlalchemy\engine\base.py", line 146, in __init__
    Connection._handle_dbapi_exception_noconnection(
    ~~~~~~~~~~~~~~~~~~~~~~~~~~~~~~~~~~~~~~~~~~~~~~~^
        err, dialect, engine
        ^^^^^^^^^^^^^^^^^^^^
    )
    ^
  File "C:\Users\babin\Desktop\ECSoC_2026\devlink\backend\venv\Lib\site-packages\sqlalchemy\engine\base.py", line 2450, in _handle_dbapi_exception_noconnection
    raise sqlalchemy_exception.with_traceback(exc_info[2]) from e
  File "C:\Users\babin\Desktop\ECSoC_2026\devlink\backend\venv\Lib\site-packages\sqlalchemy\engine\base.py", line 144, in __init__
    self._dbapi_connection = engine.raw_connection()
                             ~~~~~~~~~~~~~~~~~~~~~^^
  File "C:\Users\babin\Desktop\ECSoC_2026\devlink\backend\venv\Lib\site-packages\sqlalchemy\engine\base.py", line 3319, in raw_connection
    return self.pool.connect()
           ~~~~~~~~~~~~~~~~~^^
  File "C:\Users\babin\Desktop\ECSoC_2026\devlink\backend\venv\Lib\site-packages\sqlalchemy\pool\base.py", line 448, in connect
    return _ConnectionFairy._checkout(self)
           ~~~~~~~~~~~~~~~~~~~~~~~~~~^^^^^^
  File "C:\Users\babin\Desktop\ECSoC_2026\devlink\backend\venv\Lib\site-packages\sqlalchemy\pool\base.py", line 1272, in _checkout
    fairy = _ConnectionRecord.checkout(pool)
  File "C:\Users\babin\Desktop\ECSoC_2026\devlink\backend\venv\Lib\site-packages\sqlalchemy\pool\base.py", line 712, in checkout
    rec = pool._do_get()
  File "C:\Users\babin\Desktop\ECSoC_2026\devlink\backend\venv\Lib\site-packages\sqlalchemy\pool\impl.py", line 178, in _do_get
    with util.safe_reraise():
         ~~~~~~~~~~~~~~~~~^^
  File "C:\Users\babin\Desktop\ECSoC_2026\devlink\backend\venv\Lib\site-packages\sqlalchemy\util\langhelpers.py", line 122, in __exit__
    raise exc_value.with_traceback(exc_tb)
  File "C:\Users\babin\Desktop\ECSoC_2026\devlink\backend\venv\Lib\site-packages\sqlalchemy\pool\impl.py", line 176, in _do_get
    return self._create_connection()
           ~~~~~~~~~~~~~~~~~~~~~~~^^
  File "C:\Users\babin\Desktop\ECSoC_2026\devlink\backend\venv\Lib\site-packages\sqlalchemy\pool\base.py", line 389, in _create_connection
    return _ConnectionRecord(self)
  File "C:\Users\babin\Desktop\ECSoC_2026\devlink\backend\venv\Lib\site-packages\sqlalchemy\pool\base.py", line 674, in __init__
    self.__connect()
    ~~~~~~~~~~~~~~^^
  File "C:\Users\babin\Desktop\ECSoC_2026\devlink\backend\venv\Lib\site-packages\sqlalchemy\pool\base.py", line 900, in __connect
    with util.safe_reraise():
         ~~~~~~~~~~~~~~~~~^^
  File "C:\Users\babin\Desktop\ECSoC_2026\devlink\backend\venv\Lib\site-packages\sqlalchemy\util\langhelpers.py", line 122, in __exit__
    raise exc_value.with_traceback(exc_tb)
  File "C:\Users\babin\Desktop\ECSoC_2026\devlink\backend\venv\Lib\site-packages\sqlalchemy\pool\base.py", line 896, in __connect
    self.dbapi_connection = connection = pool._invoke_creator(self)
                                         ~~~~~~~~~~~~~~~~~~~~^^^^^^
  File "C:\Users\babin\Desktop\ECSoC_2026\devlink\backend\venv\Lib\site-packages\sqlalchemy\engine\create.py", line 667, in connect
    return dialect.connect(*cargs_tup, **cparams)
           ~~~~~~~~~~~~~~~^^^^^^^^^^^^^^^^^^^^^^^
  File "C:\Users\babin\Desktop\ECSoC_2026\devlink\backend\venv\Lib\site-packages\sqlalchemy\engine\default.py", line 630, in connect
    return self.loaded_dbapi.connect(*cargs, **cparams)  # type: ignore[no-any-return]  # NOQA: E501
           ~~~~~~~~~~~~~~~~~~~~~~~~~^^^^^^^^^^^^^^^^^^^
  File "C:\Users\babin\Desktop\ECSoC_2026\devlink\backend\venv\Lib\site-packages\psycopg\connection.py", line 130, in connect
    raise new_ex.with_traceback(None)
sqlalchemy.exc.OperationalError: (psycopg.errors.ConnectionTimeout) connection timeout expired
Multiple connection attempts failed. All failures were:
- host: 'localhost', port: 5432, hostaddr: '::1': connection timeout expired
- host: 'localhost', port: 5432, hostaddr: '127.0.0.1': connection timeout expired
(Background on this error at: https://sqlalche.me/e/20/e3q8)
[2m2026-07-31T19:20:03.578127Z[0m [[32m[1mdebug    [0m] [1mUsing proactor: IocpProactor  [0m [[0m[1m[34masyncio[0m][0m
[2m2026-07-31T19:24:27.456434Z[0m [[31m[1merror    [0m] [1mUnhandled exception during request /api/auth/verify-email: (psycopg.errors.ConnectionTimeout) connection timeout expired
Multiple connection attempts failed. All failures were:
- host: 'localhost', port: 5432, hostaddr: '::1': connection timeout expired
- host: 'localhost', port: 5432, hostaddr: '127.0.0.1': connection timeout expired
(Background on this error at: https://sqlalche.me/e/20/e3q8)[0m [[0m[1m[34mdevlink[0m][0m
Traceback (most recent call last):
  File "C:\Users\babin\Desktop\ECSoC_2026\devlink\backend\venv\Lib\site-packages\sqlalchemy\engine\base.py", line 144, in __init__
    self._dbapi_connection = engine.raw_connection()
                             ~~~~~~~~~~~~~~~~~~~~~^^
  File "C:\Users\babin\Desktop\ECSoC_2026\devlink\backend\venv\Lib\site-packages\sqlalchemy\engine\base.py", line 3319, in raw_connection
    return self.pool.connect()
           ~~~~~~~~~~~~~~~~~^^
  File "C:\Users\babin\Desktop\ECSoC_2026\devlink\backend\venv\Lib\site-packages\sqlalchemy\pool\base.py", line 448, in connect
    return _ConnectionFairy._checkout(self)
           ~~~~~~~~~~~~~~~~~~~~~~~~~~^^^^^^
  File "C:\Users\babin\Desktop\ECSoC_2026\devlink\backend\venv\Lib\site-packages\sqlalchemy\pool\base.py", line 1272, in _checkout
    fairy = _ConnectionRecord.checkout(pool)
  File "C:\Users\babin\Desktop\ECSoC_2026\devlink\backend\venv\Lib\site-packages\sqlalchemy\pool\base.py", line 712, in checkout
    rec = pool._do_get()
  File "C:\Users\babin\Desktop\ECSoC_2026\devlink\backend\venv\Lib\site-packages\sqlalchemy\pool\impl.py", line 178, in _do_get
    with util.safe_reraise():
         ~~~~~~~~~~~~~~~~~^^
  File "C:\Users\babin\Desktop\ECSoC_2026\devlink\backend\venv\Lib\site-packages\sqlalchemy\util\langhelpers.py", line 122, in __exit__
    raise exc_value.with_traceback(exc_tb)
  File "C:\Users\babin\Desktop\ECSoC_2026\devlink\backend\venv\Lib\site-packages\sqlalchemy\pool\impl.py", line 176, in _do_get
    return self._create_connection()
           ~~~~~~~~~~~~~~~~~~~~~~~^^
  File "C:\Users\babin\Desktop\ECSoC_2026\devlink\backend\venv\Lib\site-packages\sqlalchemy\pool\base.py", line 389, in _create_connection
    return _ConnectionRecord(self)
  File "C:\Users\babin\Desktop\ECSoC_2026\devlink\backend\venv\Lib\site-packages\sqlalchemy\pool\base.py", line 674, in __init__
    self.__connect()
    ~~~~~~~~~~~~~~^^
  File "C:\Users\babin\Desktop\ECSoC_2026\devlink\backend\venv\Lib\site-packages\sqlalchemy\pool\base.py", line 900, in __connect
    with util.safe_reraise():
         ~~~~~~~~~~~~~~~~~^^
  File "C:\Users\babin\Desktop\ECSoC_2026\devlink\backend\venv\Lib\site-packages\sqlalchemy\util\langhelpers.py", line 122, in __exit__
    raise exc_value.with_traceback(exc_tb)
  File "C:\Users\babin\Desktop\ECSoC_2026\devlink\backend\venv\Lib\site-packages\sqlalchemy\pool\base.py", line 896, in __connect
    self.dbapi_connection = connection = pool._invoke_creator(self)
                                         ~~~~~~~~~~~~~~~~~~~~^^^^^^
  File "C:\Users\babin\Desktop\ECSoC_2026\devlink\backend\venv\Lib\site-packages\sqlalchemy\engine\create.py", line 667, in connect
    return dialect.connect(*cargs_tup, **cparams)
           ~~~~~~~~~~~~~~~^^^^^^^^^^^^^^^^^^^^^^^
  File "C:\Users\babin\Desktop\ECSoC_2026\devlink\backend\venv\Lib\site-packages\sqlalchemy\engine\default.py", line 630, in connect
    return self.loaded_dbapi.connect(*cargs, **cparams)  # type: ignore[no-any-return]  # NOQA: E501
           ~~~~~~~~~~~~~~~~~~~~~~~~~^^^^^^^^^^^^^^^^^^^
  File "C:\Users\babin\Desktop\ECSoC_2026\devlink\backend\venv\Lib\site-packages\psycopg\connection.py", line 130, in connect
    raise new_ex.with_traceback(None)
psycopg.errors.ConnectionTimeout: connection timeout expired
Multiple connection attempts failed. All failures were:
- host: 'localhost', port: 5432, hostaddr: '::1': connection timeout expired
- host: 'localhost', port: 5432, hostaddr: '127.0.0.1': connection timeout expired

The above exception was the direct cause of the following exception:

Traceback (most recent call last):
  File "C:\Users\babin\Desktop\ECSoC_2026\devlink\backend\venv\Lib\site-packages\starlette\middleware\errors.py", line 164, in __call__
    await self.app(scope, receive, _send)
  File "C:\Users\babin\Desktop\ECSoC_2026\devlink\backend\venv\Lib\site-packages\starlette\middleware\cors.py", line 88, in __call__
    await self.app(scope, receive, send)
  File "C:\Users\babin\Desktop\ECSoC_2026\devlink\backend\venv\Lib\site-packages\starlette\middleware\base.py", line 193, in __call__
    response = await self.dispatch_func(request, call_next)
               ^^^^^^^^^^^^^^^^^^^^^^^^^^^^^^^^^^^^^^^^^^^^
  File "C:\Users\babin\Desktop\ECSoC_2026\devlink\backend\app\middleware\org_audit_logging.py", line 18, in dispatch
    response: Response = await call_next(request)
                         ^^^^^^^^^^^^^^^^^^^^^^^^
  File "C:\Users\babin\Desktop\ECSoC_2026\devlink\backend\venv\Lib\site-packages\starlette\middleware\base.py", line 168, in call_next
    raise app_exc from app_exc.__cause__ or app_exc.__context__
  File "C:\Users\babin\Desktop\ECSoC_2026\devlink\backend\venv\Lib\site-packages\starlette\middleware\base.py", line 144, in coro
    await self.app(scope, receive_or_disconnect, send_no_error)
  File "C:\Users\babin\Desktop\ECSoC_2026\devlink\backend\venv\Lib\site-packages\starlette\middleware\base.py", line 193, in __call__
    response = await self.dispatch_func(request, call_next)
               ^^^^^^^^^^^^^^^^^^^^^^^^^^^^^^^^^^^^^^^^^^^^
  File "C:\Users\babin\Desktop\ECSoC_2026\devlink\backend\app\middleware\audit_context.py", line 36, in dispatch
    response = await call_next(request)
               ^^^^^^^^^^^^^^^^^^^^^^^^
  File "C:\Users\babin\Desktop\ECSoC_2026\devlink\backend\venv\Lib\site-packages\starlette\middleware\base.py", line 168, in call_next
    raise app_exc from app_exc.__cause__ or app_exc.__context__
  File "C:\Users\babin\Desktop\ECSoC_2026\devlink\backend\venv\Lib\site-packages\starlette\middleware\base.py", line 144, in coro
    await self.app(scope, receive_or_disconnect, send_no_error)
  File "C:\Users\babin\Desktop\ECSoC_2026\devlink\backend\venv\Lib\site-packages\starlette\middleware\base.py", line 193, in __call__
    response = await self.dispatch_func(request, call_next)
               ^^^^^^^^^^^^^^^^^^^^^^^^^^^^^^^^^^^^^^^^^^^^
  File "C:\Users\babin\Desktop\ECSoC_2026\devlink\backend\app\middleware\maintenance.py", line 59, in dispatch
    maintenance = get_active_maintenance()
  File "C:\Users\babin\Desktop\ECSoC_2026\devlink\backend\app\middleware\maintenance.py", line 37, in get_active_maintenance
    window = db.scalar(stmt)
  File "C:\Users\babin\Desktop\ECSoC_2026\devlink\backend\venv\Lib\site-packages\sqlalchemy\orm\session.py", line 2421, in scalar
    return self._execute_internal(
           ~~~~~~~~~~~~~~~~~~~~~~^
        statement,
        ^^^^^^^^^^
    ...<4 lines>...
        **kw,
        ^^^^^
    )
    ^
  File "C:\Users\babin\Desktop\ECSoC_2026\devlink\backend\venv\Lib\site-packages\sqlalchemy\orm\session.py", line 2261, in _execute_internal
    conn = self._connection_for_bind(bind)
  File "C:\Users\babin\Desktop\ECSoC_2026\devlink\backend\venv\Lib\site-packages\sqlalchemy\orm\session.py", line 2113, in _connection_for_bind
    return trans._connection_for_bind(engine, execution_options)
           ~~~~~~~~~~~~~~~~~~~~~~~~~~^^^^^^^^^^^^^^^^^^^^^^^^^^^
  File "<string>", line 2, in _connection_for_bind
  File "C:\Users\babin\Desktop\ECSoC_2026\devlink\backend\venv\Lib\site-packages\sqlalchemy\orm\state_changes.py", line 137, in _go
    ret_value = fn(self, *arg, **kw)
  File "C:\Users\babin\Desktop\ECSoC_2026\devlink\backend\venv\Lib\site-packages\sqlalchemy\orm\session.py", line 1191, in _connection_for_bind
    conn = bind.connect()
  File "C:\Users\babin\Desktop\ECSoC_2026\devlink\backend\venv\Lib\site-packages\sqlalchemy\engine\base.py", line 3295, in connect
    return self._connection_cls(self)
           ~~~~~~~~~~~~~~~~~~~~^^^^^^
  File "C:\Users\babin\Desktop\ECSoC_2026\devlink\backend\venv\Lib\site-packages\sqlalchemy\engine\base.py", line 146, in __init__
    Connection._handle_dbapi_exception_noconnection(
    ~~~~~~~~~~~~~~~~~~~~~~~~~~~~~~~~~~~~~~~~~~~~~~~^
        err, dialect, engine
        ^^^^^^^^^^^^^^^^^^^^
    )
    ^
  File "C:\Users\babin\Desktop\ECSoC_2026\devlink\backend\venv\Lib\site-packages\sqlalchemy\engine\base.py", line 2450, in _handle_dbapi_exception_noconnection
    raise sqlalchemy_exception.with_traceback(exc_info[2]) from e
  File "C:\Users\babin\Desktop\ECSoC_2026\devlink\backend\venv\Lib\site-packages\sqlalchemy\engine\base.py", line 144, in __init__
    self._dbapi_connection = engine.raw_connection()
                             ~~~~~~~~~~~~~~~~~~~~~^^
  File "C:\Users\babin\Desktop\ECSoC_2026\devlink\backend\venv\Lib\site-packages\sqlalchemy\engine\base.py", line 3319, in raw_connection
    return self.pool.connect()
           ~~~~~~~~~~~~~~~~~^^
  File "C:\Users\babin\Desktop\ECSoC_2026\devlink\backend\venv\Lib\site-packages\sqlalchemy\pool\base.py", line 448, in connect
    return _ConnectionFairy._checkout(self)
           ~~~~~~~~~~~~~~~~~~~~~~~~~~^^^^^^
  File "C:\Users\babin\Desktop\ECSoC_2026\devlink\backend\venv\Lib\site-packages\sqlalchemy\pool\base.py", line 1272, in _checkout
    fairy = _ConnectionRecord.checkout(pool)
  File "C:\Users\babin\Desktop\ECSoC_2026\devlink\backend\venv\Lib\site-packages\sqlalchemy\pool\base.py", line 712, in checkout
    rec = pool._do_get()
  File "C:\Users\babin\Desktop\ECSoC_2026\devlink\backend\venv\Lib\site-packages\sqlalchemy\pool\impl.py", line 178, in _do_get
    with util.safe_reraise():
         ~~~~~~~~~~~~~~~~~^^
  File "C:\Users\babin\Desktop\ECSoC_2026\devlink\backend\venv\Lib\site-packages\sqlalchemy\util\langhelpers.py", line 122, in __exit__
    raise exc_value.with_traceback(exc_tb)
  File "C:\Users\babin\Desktop\ECSoC_2026\devlink\backend\venv\Lib\site-packages\sqlalchemy\pool\impl.py", line 176, in _do_get
    return self._create_connection()
           ~~~~~~~~~~~~~~~~~~~~~~~^^
  File "C:\Users\babin\Desktop\ECSoC_2026\devlink\backend\venv\Lib\site-packages\sqlalchemy\pool\base.py", line 389, in _create_connection
    return _ConnectionRecord(self)
  File "C:\Users\babin\Desktop\ECSoC_2026\devlink\backend\venv\Lib\site-packages\sqlalchemy\pool\base.py", line 674, in __init__
    self.__connect()
    ~~~~~~~~~~~~~~^^
  File "C:\Users\babin\Desktop\ECSoC_2026\devlink\backend\venv\Lib\site-packages\sqlalchemy\pool\base.py", line 900, in __connect
    with util.safe_reraise():
         ~~~~~~~~~~~~~~~~~^^
  File "C:\Users\babin\Desktop\ECSoC_2026\devlink\backend\venv\Lib\site-packages\sqlalchemy\util\langhelpers.py", line 122, in __exit__
    raise exc_value.with_traceback(exc_tb)
  File "C:\Users\babin\Desktop\ECSoC_2026\devlink\backend\venv\Lib\site-packages\sqlalchemy\pool\base.py", line 896, in __connect
    self.dbapi_connection = connection = pool._invoke_creator(self)
                                         ~~~~~~~~~~~~~~~~~~~~^^^^^^
  File "C:\Users\babin\Desktop\ECSoC_2026\devlink\backend\venv\Lib\site-packages\sqlalchemy\engine\create.py", line 667, in connect
    return dialect.connect(*cargs_tup, **cparams)
           ~~~~~~~~~~~~~~~^^^^^^^^^^^^^^^^^^^^^^^
  File "C:\Users\babin\Desktop\ECSoC_2026\devlink\backend\venv\Lib\site-packages\sqlalchemy\engine\default.py", line 630, in connect
    return self.loaded_dbapi.connect(*cargs, **cparams)  # type: ignore[no-any-return]  # NOQA: E501
           ~~~~~~~~~~~~~~~~~~~~~~~~~^^^^^^^^^^^^^^^^^^^
  File "C:\Users\babin\Desktop\ECSoC_2026\devlink\backend\venv\Lib\site-packages\psycopg\connection.py", line 130, in connect
    raise new_ex.with_traceback(None)
sqlalchemy.exc.OperationalError: (psycopg.errors.ConnectionTimeout) connection timeout expired
Multiple connection attempts failed. All failures were:
- host: 'localhost', port: 5432, hostaddr: '::1': connection timeout expired
- host: 'localhost', port: 5432, hostaddr: '127.0.0.1': connection timeout expired
(Background on this error at: https://sqlalche.me/e/20/e3q8)
[2m2026-07-31T19:24:34.734149Z[0m [[32m[1mdebug    [0m] [1mUsing proactor: IocpProactor  [0m [[0m[1m[34masyncio[0m][0m
[2m2026-07-31T19:28:55.308367Z[0m [[31m[1merror    [0m] [1mUnhandled exception during request /api/auth/verify-email: (psycopg.errors.ConnectionTimeout) connection timeout expired
Multiple connection attempts failed. All failures were:
- host: 'localhost', port: 5432, hostaddr: '::1': connection timeout expired
- host: 'localhost', port: 5432, hostaddr: '127.0.0.1': connection timeout expired
(Background on this error at: https://sqlalche.me/e/20/e3q8)[0m [[0m[1m[34mdevlink[0m][0m
Traceback (most recent call last):
  File "C:\Users\babin\Desktop\ECSoC_2026\devlink\backend\venv\Lib\site-packages\sqlalchemy\engine\base.py", line 144, in __init__
    self._dbapi_connection = engine.raw_connection()
                             ~~~~~~~~~~~~~~~~~~~~~^^
  File "C:\Users\babin\Desktop\ECSoC_2026\devlink\backend\venv\Lib\site-packages\sqlalchemy\engine\base.py", line 3319, in raw_connection
    return self.pool.connect()
           ~~~~~~~~~~~~~~~~~^^
  File "C:\Users\babin\Desktop\ECSoC_2026\devlink\backend\venv\Lib\site-packages\sqlalchemy\pool\base.py", line 448, in connect
    return _ConnectionFairy._checkout(self)
           ~~~~~~~~~~~~~~~~~~~~~~~~~~^^^^^^
  File "C:\Users\babin\Desktop\ECSoC_2026\devlink\backend\venv\Lib\site-packages\sqlalchemy\pool\base.py", line 1272, in _checkout
    fairy = _ConnectionRecord.checkout(pool)
  File "C:\Users\babin\Desktop\ECSoC_2026\devlink\backend\venv\Lib\site-packages\sqlalchemy\pool\base.py", line 712, in checkout
    rec = pool._do_get()
  File "C:\Users\babin\Desktop\ECSoC_2026\devlink\backend\venv\Lib\site-packages\sqlalchemy\pool\impl.py", line 178, in _do_get
    with util.safe_reraise():
         ~~~~~~~~~~~~~~~~~^^
  File "C:\Users\babin\Desktop\ECSoC_2026\devlink\backend\venv\Lib\site-packages\sqlalchemy\util\langhelpers.py", line 122, in __exit__
    raise exc_value.with_traceback(exc_tb)
  File "C:\Users\babin\Desktop\ECSoC_2026\devlink\backend\venv\Lib\site-packages\sqlalchemy\pool\impl.py", line 176, in _do_get
    return self._create_connection()
           ~~~~~~~~~~~~~~~~~~~~~~~^^
  File "C:\Users\babin\Desktop\ECSoC_2026\devlink\backend\venv\Lib\site-packages\sqlalchemy\pool\base.py", line 389, in _create_connection
    return _ConnectionRecord(self)
  File "C:\Users\babin\Desktop\ECSoC_2026\devlink\backend\venv\Lib\site-packages\sqlalchemy\pool\base.py", line 674, in __init__
    self.__connect()
    ~~~~~~~~~~~~~~^^
  File "C:\Users\babin\Desktop\ECSoC_2026\devlink\backend\venv\Lib\site-packages\sqlalchemy\pool\base.py", line 900, in __connect
    with util.safe_reraise():
         ~~~~~~~~~~~~~~~~~^^
  File "C:\Users\babin\Desktop\ECSoC_2026\devlink\backend\venv\Lib\site-packages\sqlalchemy\util\langhelpers.py", line 122, in __exit__
    raise exc_value.with_traceback(exc_tb)
  File "C:\Users\babin\Desktop\ECSoC_2026\devlink\backend\venv\Lib\site-packages\sqlalchemy\pool\base.py", line 896, in __connect
    self.dbapi_connection = connection = pool._invoke_creator(self)
                                         ~~~~~~~~~~~~~~~~~~~~^^^^^^
  File "C:\Users\babin\Desktop\ECSoC_2026\devlink\backend\venv\Lib\site-packages\sqlalchemy\engine\create.py", line 667, in connect
    return dialect.connect(*cargs_tup, **cparams)
           ~~~~~~~~~~~~~~~^^^^^^^^^^^^^^^^^^^^^^^
  File "C:\Users\babin\Desktop\ECSoC_2026\devlink\backend\venv\Lib\site-packages\sqlalchemy\engine\default.py", line 630, in connect
    return self.loaded_dbapi.connect(*cargs, **cparams)  # type: ignore[no-any-return]  # NOQA: E501
           ~~~~~~~~~~~~~~~~~~~~~~~~~^^^^^^^^^^^^^^^^^^^
  File "C:\Users\babin\Desktop\ECSoC_2026\devlink\backend\venv\Lib\site-packages\psycopg\connection.py", line 130, in connect
    raise new_ex.with_traceback(None)
psycopg.errors.ConnectionTimeout: connection timeout expired
Multiple connection attempts failed. All failures were:
- host: 'localhost', port: 5432, hostaddr: '::1': connection timeout expired
- host: 'localhost', port: 5432, hostaddr: '127.0.0.1': connection timeout expired

The above exception was the direct cause of the following exception:

Traceback (most recent call last):
  File "C:\Users\babin\Desktop\ECSoC_2026\devlink\backend\venv\Lib\site-packages\starlette\middleware\errors.py", line 164, in __call__
    await self.app(scope, receive, _send)
  File "C:\Users\babin\Desktop\ECSoC_2026\devlink\backend\venv\Lib\site-packages\starlette\middleware\cors.py", line 88, in __call__
    await self.app(scope, receive, send)
  File "C:\Users\babin\Desktop\ECSoC_2026\devlink\backend\venv\Lib\site-packages\starlette\middleware\base.py", line 193, in __call__
    response = await self.dispatch_func(request, call_next)
               ^^^^^^^^^^^^^^^^^^^^^^^^^^^^^^^^^^^^^^^^^^^^
  File "C:\Users\babin\Desktop\ECSoC_2026\devlink\backend\app\middleware\org_audit_logging.py", line 18, in dispatch
    response: Response = await call_next(request)
                         ^^^^^^^^^^^^^^^^^^^^^^^^
  File "C:\Users\babin\Desktop\ECSoC_2026\devlink\backend\venv\Lib\site-packages\starlette\middleware\base.py", line 168, in call_next
    raise app_exc from app_exc.__cause__ or app_exc.__context__
  File "C:\Users\babin\Desktop\ECSoC_2026\devlink\backend\venv\Lib\site-packages\starlette\middleware\base.py", line 144, in coro
    await self.app(scope, receive_or_disconnect, send_no_error)
  File "C:\Users\babin\Desktop\ECSoC_2026\devlink\backend\venv\Lib\site-packages\starlette\middleware\base.py", line 193, in __call__
    response = await self.dispatch_func(request, call_next)
               ^^^^^^^^^^^^^^^^^^^^^^^^^^^^^^^^^^^^^^^^^^^^
  File "C:\Users\babin\Desktop\ECSoC_2026\devlink\backend\app\middleware\audit_context.py", line 36, in dispatch
    response = await call_next(request)
               ^^^^^^^^^^^^^^^^^^^^^^^^
  File "C:\Users\babin\Desktop\ECSoC_2026\devlink\backend\venv\Lib\site-packages\starlette\middleware\base.py", line 168, in call_next
    raise app_exc from app_exc.__cause__ or app_exc.__context__
  File "C:\Users\babin\Desktop\ECSoC_2026\devlink\backend\venv\Lib\site-packages\starlette\middleware\base.py", line 144, in coro
    await self.app(scope, receive_or_disconnect, send_no_error)
  File "C:\Users\babin\Desktop\ECSoC_2026\devlink\backend\venv\Lib\site-packages\starlette\middleware\base.py", line 193, in __call__
    response = await self.dispatch_func(request, call_next)
               ^^^^^^^^^^^^^^^^^^^^^^^^^^^^^^^^^^^^^^^^^^^^
  File "C:\Users\babin\Desktop\ECSoC_2026\devlink\backend\app\middleware\maintenance.py", line 59, in dispatch
    maintenance = get_active_maintenance()
  File "C:\Users\babin\Desktop\ECSoC_2026\devlink\backend\app\middleware\maintenance.py", line 37, in get_active_maintenance
    window = db.scalar(stmt)
  File "C:\Users\babin\Desktop\ECSoC_2026\devlink\backend\venv\Lib\site-packages\sqlalchemy\orm\session.py", line 2421, in scalar
    return self._execute_internal(
           ~~~~~~~~~~~~~~~~~~~~~~^
        statement,
        ^^^^^^^^^^
    ...<4 lines>...
        **kw,
        ^^^^^
    )
    ^
  File "C:\Users\babin\Desktop\ECSoC_2026\devlink\backend\venv\Lib\site-packages\sqlalchemy\orm\session.py", line 2261, in _execute_internal
    conn = self._connection_for_bind(bind)
  File "C:\Users\babin\Desktop\ECSoC_2026\devlink\backend\venv\Lib\site-packages\sqlalchemy\orm\session.py", line 2113, in _connection_for_bind
    return trans._connection_for_bind(engine, execution_options)
           ~~~~~~~~~~~~~~~~~~~~~~~~~~^^^^^^^^^^^^^^^^^^^^^^^^^^^
  File "<string>", line 2, in _connection_for_bind
  File "C:\Users\babin\Desktop\ECSoC_2026\devlink\backend\venv\Lib\site-packages\sqlalchemy\orm\state_changes.py", line 137, in _go
    ret_value = fn(self, *arg, **kw)
  File "C:\Users\babin\Desktop\ECSoC_2026\devlink\backend\venv\Lib\site-packages\sqlalchemy\orm\session.py", line 1191, in _connection_for_bind
    conn = bind.connect()
  File "C:\Users\babin\Desktop\ECSoC_2026\devlink\backend\venv\Lib\site-packages\sqlalchemy\engine\base.py", line 3295, in connect
    return self._connection_cls(self)
           ~~~~~~~~~~~~~~~~~~~~^^^^^^
  File "C:\Users\babin\Desktop\ECSoC_2026\devlink\backend\venv\Lib\site-packages\sqlalchemy\engine\base.py", line 146, in __init__
    Connection._handle_dbapi_exception_noconnection(
    ~~~~~~~~~~~~~~~~~~~~~~~~~~~~~~~~~~~~~~~~~~~~~~~^
        err, dialect, engine
        ^^^^^^^^^^^^^^^^^^^^
    )
    ^
  File "C:\Users\babin\Desktop\ECSoC_2026\devlink\backend\venv\Lib\site-packages\sqlalchemy\engine\base.py", line 2450, in _handle_dbapi_exception_noconnection
    raise sqlalchemy_exception.with_traceback(exc_info[2]) from e
  File "C:\Users\babin\Desktop\ECSoC_2026\devlink\backend\venv\Lib\site-packages\sqlalchemy\engine\base.py", line 144, in __init__
    self._dbapi_connection = engine.raw_connection()
                             ~~~~~~~~~~~~~~~~~~~~~^^
  File "C:\Users\babin\Desktop\ECSoC_2026\devlink\backend\venv\Lib\site-packages\sqlalchemy\engine\base.py", line 3319, in raw_connection
    return self.pool.connect()
           ~~~~~~~~~~~~~~~~~^^
  File "C:\Users\babin\Desktop\ECSoC_2026\devlink\backend\venv\Lib\site-packages\sqlalchemy\pool\base.py", line 448, in connect
    return _ConnectionFairy._checkout(self)
           ~~~~~~~~~~~~~~~~~~~~~~~~~~^^^^^^
  File "C:\Users\babin\Desktop\ECSoC_2026\devlink\backend\venv\Lib\site-packages\sqlalchemy\pool\base.py", line 1272, in _checkout
    fairy = _ConnectionRecord.checkout(pool)
  File "C:\Users\babin\Desktop\ECSoC_2026\devlink\backend\venv\Lib\site-packages\sqlalchemy\pool\base.py", line 712, in checkout
    rec = pool._do_get()
  File "C:\Users\babin\Desktop\ECSoC_2026\devlink\backend\venv\Lib\site-packages\sqlalchemy\pool\impl.py", line 178, in _do_get
    with util.safe_reraise():
         ~~~~~~~~~~~~~~~~~^^
  File "C:\Users\babin\Desktop\ECSoC_2026\devlink\backend\venv\Lib\site-packages\sqlalchemy\util\langhelpers.py", line 122, in __exit__
    raise exc_value.with_traceback(exc_tb)
  File "C:\Users\babin\Desktop\ECSoC_2026\devlink\backend\venv\Lib\site-packages\sqlalchemy\pool\impl.py", line 176, in _do_get
    return self._create_connection()
           ~~~~~~~~~~~~~~~~~~~~~~~^^
  File "C:\Users\babin\Desktop\ECSoC_2026\devlink\backend\venv\Lib\site-packages\sqlalchemy\pool\base.py", line 389, in _create_connection
    return _ConnectionRecord(self)
  File "C:\Users\babin\Desktop\ECSoC_2026\devlink\backend\venv\Lib\site-packages\sqlalchemy\pool\base.py", line 674, in __init__
    self.__connect()
    ~~~~~~~~~~~~~~^^
  File "C:\Users\babin\Desktop\ECSoC_2026\devlink\backend\venv\Lib\site-packages\sqlalchemy\pool\base.py", line 900, in __connect
    with util.safe_reraise():
         ~~~~~~~~~~~~~~~~~^^
  File "C:\Users\babin\Desktop\ECSoC_2026\devlink\backend\venv\Lib\site-packages\sqlalchemy\util\langhelpers.py", line 122, in __exit__
    raise exc_value.with_traceback(exc_tb)
  File "C:\Users\babin\Desktop\ECSoC_2026\devlink\backend\venv\Lib\site-packages\sqlalchemy\pool\base.py", line 896, in __connect
    self.dbapi_connection = connection = pool._invoke_creator(self)
                                         ~~~~~~~~~~~~~~~~~~~~^^^^^^
  File "C:\Users\babin\Desktop\ECSoC_2026\devlink\backend\venv\Lib\site-packages\sqlalchemy\engine\create.py", line 667, in connect
    return dialect.connect(*cargs_tup, **cparams)
           ~~~~~~~~~~~~~~~^^^^^^^^^^^^^^^^^^^^^^^
  File "C:\Users\babin\Desktop\ECSoC_2026\devlink\backend\venv\Lib\site-packages\sqlalchemy\engine\default.py", line 630, in connect
    return self.loaded_dbapi.connect(*cargs, **cparams)  # type: ignore[no-any-return]  # NOQA: E501
           ~~~~~~~~~~~~~~~~~~~~~~~~~^^^^^^^^^^^^^^^^^^^
  File "C:\Users\babin\Desktop\ECSoC_2026\devlink\backend\venv\Lib\site-packages\psycopg\connection.py", line 130, in connect
    raise new_ex.with_traceback(None)
sqlalchemy.exc.OperationalError: (psycopg.errors.ConnectionTimeout) connection timeout expired
Multiple connection attempts failed. All failures were:
- host: 'localhost', port: 5432, hostaddr: '::1': connection timeout expired
- host: 'localhost', port: 5432, hostaddr: '127.0.0.1': connection timeout expired
(Background on this error at: https://sqlalche.me/e/20/e3q8)
[2m2026-07-31T19:28:58.483171Z[0m [[32m[1mdebug    [0m] [1mUsing proactor: IocpProactor  [0m [[0m[1m[34masyncio[0m][0m
[2m2026-07-31T19:33:19.586211Z[0m [[31m[1merror    [0m] [1mUnhandled exception during request /api/users/check-username: (psycopg.errors.ConnectionTimeout) connection timeout expired
Multiple connection attempts failed. All failures were:
- host: 'localhost', port: 5432, hostaddr: '::1': connection timeout expired
- host: 'localhost', port: 5432, hostaddr: '127.0.0.1': connection timeout expired
(Background on this error at: https://sqlalche.me/e/20/e3q8)[0m [[0m[1m[34mdevlink[0m][0m
Traceback (most recent call last):
  File "C:\Users\babin\Desktop\ECSoC_2026\devlink\backend\venv\Lib\site-packages\sqlalchemy\engine\base.py", line 144, in __init__
    self._dbapi_connection = engine.raw_connection()
                             ~~~~~~~~~~~~~~~~~~~~~^^
  File "C:\Users\babin\Desktop\ECSoC_2026\devlink\backend\venv\Lib\site-packages\sqlalchemy\engine\base.py", line 3319, in raw_connection
    return self.pool.connect()
           ~~~~~~~~~~~~~~~~~^^
  File "C:\Users\babin\Desktop\ECSoC_2026\devlink\backend\venv\Lib\site-packages\sqlalchemy\pool\base.py", line 448, in connect
    return _ConnectionFairy._checkout(self)
           ~~~~~~~~~~~~~~~~~~~~~~~~~~^^^^^^
  File "C:\Users\babin\Desktop\ECSoC_2026\devlink\backend\venv\Lib\site-packages\sqlalchemy\pool\base.py", line 1272, in _checkout
    fairy = _ConnectionRecord.checkout(pool)
  File "C:\Users\babin\Desktop\ECSoC_2026\devlink\backend\venv\Lib\site-packages\sqlalchemy\pool\base.py", line 712, in checkout
    rec = pool._do_get()
  File "C:\Users\babin\Desktop\ECSoC_2026\devlink\backend\venv\Lib\site-packages\sqlalchemy\pool\impl.py", line 178, in _do_get
    with util.safe_reraise():
         ~~~~~~~~~~~~~~~~~^^
  File "C:\Users\babin\Desktop\ECSoC_2026\devlink\backend\venv\Lib\site-packages\sqlalchemy\util\langhelpers.py", line 122, in __exit__
    raise exc_value.with_traceback(exc_tb)
  File "C:\Users\babin\Desktop\ECSoC_2026\devlink\backend\venv\Lib\site-packages\sqlalchemy\pool\impl.py", line 176, in _do_get
    return self._create_connection()
           ~~~~~~~~~~~~~~~~~~~~~~~^^
  File "C:\Users\babin\Desktop\ECSoC_2026\devlink\backend\venv\Lib\site-packages\sqlalchemy\pool\base.py", line 389, in _create_connection
    return _ConnectionRecord(self)
  File "C:\Users\babin\Desktop\ECSoC_2026\devlink\backend\venv\Lib\site-packages\sqlalchemy\pool\base.py", line 674, in __init__
    self.__connect()
    ~~~~~~~~~~~~~~^^
  File "C:\Users\babin\Desktop\ECSoC_2026\devlink\backend\venv\Lib\site-packages\sqlalchemy\pool\base.py", line 900, in __connect
    with util.safe_reraise():
         ~~~~~~~~~~~~~~~~~^^
  File "C:\Users\babin\Desktop\ECSoC_2026\devlink\backend\venv\Lib\site-packages\sqlalchemy\util\langhelpers.py", line 122, in __exit__
    raise exc_value.with_traceback(exc_tb)
  File "C:\Users\babin\Desktop\ECSoC_2026\devlink\backend\venv\Lib\site-packages\sqlalchemy\pool\base.py", line 896, in __connect
    self.dbapi_connection = connection = pool._invoke_creator(self)
                                         ~~~~~~~~~~~~~~~~~~~~^^^^^^
  File "C:\Users\babin\Desktop\ECSoC_2026\devlink\backend\venv\Lib\site-packages\sqlalchemy\engine\create.py", line 667, in connect
    return dialect.connect(*cargs_tup, **cparams)
           ~~~~~~~~~~~~~~~^^^^^^^^^^^^^^^^^^^^^^^
  File "C:\Users\babin\Desktop\ECSoC_2026\devlink\backend\venv\Lib\site-packages\sqlalchemy\engine\default.py", line 630, in connect
    return self.loaded_dbapi.connect(*cargs, **cparams)  # type: ignore[no-any-return]  # NOQA: E501
           ~~~~~~~~~~~~~~~~~~~~~~~~~^^^^^^^^^^^^^^^^^^^
  File "C:\Users\babin\Desktop\ECSoC_2026\devlink\backend\venv\Lib\site-packages\psycopg\connection.py", line 130, in connect
    raise new_ex.with_traceback(None)
psycopg.errors.ConnectionTimeout: connection timeout expired
Multiple connection attempts failed. All failures were:
- host: 'localhost', port: 5432, hostaddr: '::1': connection timeout expired
- host: 'localhost', port: 5432, hostaddr: '127.0.0.1': connection timeout expired

The above exception was the direct cause of the following exception:

Traceback (most recent call last):
  File "C:\Users\babin\Desktop\ECSoC_2026\devlink\backend\venv\Lib\site-packages\starlette\middleware\errors.py", line 164, in __call__
    await self.app(scope, receive, _send)
  File "C:\Users\babin\Desktop\ECSoC_2026\devlink\backend\venv\Lib\site-packages\starlette\middleware\cors.py", line 88, in __call__
    await self.app(scope, receive, send)
  File "C:\Users\babin\Desktop\ECSoC_2026\devlink\backend\venv\Lib\site-packages\starlette\middleware\base.py", line 193, in __call__
    response = await self.dispatch_func(request, call_next)
               ^^^^^^^^^^^^^^^^^^^^^^^^^^^^^^^^^^^^^^^^^^^^
  File "C:\Users\babin\Desktop\ECSoC_2026\devlink\backend\app\middleware\org_audit_logging.py", line 18, in dispatch
    response: Response = await call_next(request)
                         ^^^^^^^^^^^^^^^^^^^^^^^^
  File "C:\Users\babin\Desktop\ECSoC_2026\devlink\backend\venv\Lib\site-packages\starlette\middleware\base.py", line 168, in call_next
    raise app_exc from app_exc.__cause__ or app_exc.__context__
  File "C:\Users\babin\Desktop\ECSoC_2026\devlink\backend\venv\Lib\site-packages\starlette\middleware\base.py", line 144, in coro
    await self.app(scope, receive_or_disconnect, send_no_error)
  File "C:\Users\babin\Desktop\ECSoC_2026\devlink\backend\venv\Lib\site-packages\starlette\middleware\base.py", line 193, in __call__
    response = await self.dispatch_func(request, call_next)
               ^^^^^^^^^^^^^^^^^^^^^^^^^^^^^^^^^^^^^^^^^^^^
  File "C:\Users\babin\Desktop\ECSoC_2026\devlink\backend\app\middleware\audit_context.py", line 36, in dispatch
    response = await call_next(request)
               ^^^^^^^^^^^^^^^^^^^^^^^^
  File "C:\Users\babin\Desktop\ECSoC_2026\devlink\backend\venv\Lib\site-packages\starlette\middleware\base.py", line 168, in call_next
    raise app_exc from app_exc.__cause__ or app_exc.__context__
  File "C:\Users\babin\Desktop\ECSoC_2026\devlink\backend\venv\Lib\site-packages\starlette\middleware\base.py", line 144, in coro
    await self.app(scope, receive_or_disconnect, send_no_error)
  File "C:\Users\babin\Desktop\ECSoC_2026\devlink\backend\venv\Lib\site-packages\starlette\middleware\base.py", line 193, in __call__
    response = await self.dispatch_func(request, call_next)
               ^^^^^^^^^^^^^^^^^^^^^^^^^^^^^^^^^^^^^^^^^^^^
  File "C:\Users\babin\Desktop\ECSoC_2026\devlink\backend\app\middleware\maintenance.py", line 59, in dispatch
    maintenance = get_active_maintenance()
  File "C:\Users\babin\Desktop\ECSoC_2026\devlink\backend\app\middleware\maintenance.py", line 37, in get_active_maintenance
    window = db.scalar(stmt)
  File "C:\Users\babin\Desktop\ECSoC_2026\devlink\backend\venv\Lib\site-packages\sqlalchemy\orm\session.py", line 2421, in scalar
    return self._execute_internal(
           ~~~~~~~~~~~~~~~~~~~~~~^
        statement,
        ^^^^^^^^^^
    ...<4 lines>...
        **kw,
        ^^^^^
    )
    ^
  File "C:\Users\babin\Desktop\ECSoC_2026\devlink\backend\venv\Lib\site-packages\sqlalchemy\orm\session.py", line 2261, in _execute_internal
    conn = self._connection_for_bind(bind)
  File "C:\Users\babin\Desktop\ECSoC_2026\devlink\backend\venv\Lib\site-packages\sqlalchemy\orm\session.py", line 2113, in _connection_for_bind
    return trans._connection_for_bind(engine, execution_options)
           ~~~~~~~~~~~~~~~~~~~~~~~~~~^^^^^^^^^^^^^^^^^^^^^^^^^^^
  File "<string>", line 2, in _connection_for_bind
  File "C:\Users\babin\Desktop\ECSoC_2026\devlink\backend\venv\Lib\site-packages\sqlalchemy\orm\state_changes.py", line 137, in _go
    ret_value = fn(self, *arg, **kw)
  File "C:\Users\babin\Desktop\ECSoC_2026\devlink\backend\venv\Lib\site-packages\sqlalchemy\orm\session.py", line 1191, in _connection_for_bind
    conn = bind.connect()
  File "C:\Users\babin\Desktop\ECSoC_2026\devlink\backend\venv\Lib\site-packages\sqlalchemy\engine\base.py", line 3295, in connect
    return self._connection_cls(self)
           ~~~~~~~~~~~~~~~~~~~~^^^^^^
  File "C:\Users\babin\Desktop\ECSoC_2026\devlink\backend\venv\Lib\site-packages\sqlalchemy\engine\base.py", line 146, in __init__
    Connection._handle_dbapi_exception_noconnection(
    ~~~~~~~~~~~~~~~~~~~~~~~~~~~~~~~~~~~~~~~~~~~~~~~^
        err, dialect, engine
        ^^^^^^^^^^^^^^^^^^^^
    )
    ^
  File "C:\Users\babin\Desktop\ECSoC_2026\devlink\backend\venv\Lib\site-packages\sqlalchemy\engine\base.py", line 2450, in _handle_dbapi_exception_noconnection
    raise sqlalchemy_exception.with_traceback(exc_info[2]) from e
  File "C:\Users\babin\Desktop\ECSoC_2026\devlink\backend\venv\Lib\site-packages\sqlalchemy\engine\base.py", line 144, in __init__
    self._dbapi_connection = engine.raw_connection()
                             ~~~~~~~~~~~~~~~~~~~~~^^
  File "C:\Users\babin\Desktop\ECSoC_2026\devlink\backend\venv\Lib\site-packages\sqlalchemy\engine\base.py", line 3319, in raw_connection
    return self.pool.connect()
           ~~~~~~~~~~~~~~~~~^^
  File "C:\Users\babin\Desktop\ECSoC_2026\devlink\backend\venv\Lib\site-packages\sqlalchemy\pool\base.py", line 448, in connect
    return _ConnectionFairy._checkout(self)
           ~~~~~~~~~~~~~~~~~~~~~~~~~~^^^^^^
  File "C:\Users\babin\Desktop\ECSoC_2026\devlink\backend\venv\Lib\site-packages\sqlalchemy\pool\base.py", line 1272, in _checkout
    fairy = _ConnectionRecord.checkout(pool)
  File "C:\Users\babin\Desktop\ECSoC_2026\devlink\backend\venv\Lib\site-packages\sqlalchemy\pool\base.py", line 712, in checkout
    rec = pool._do_get()
  File "C:\Users\babin\Desktop\ECSoC_2026\devlink\backend\venv\Lib\site-packages\sqlalchemy\pool\impl.py", line 178, in _do_get
    with util.safe_reraise():
         ~~~~~~~~~~~~~~~~~^^
  File "C:\Users\babin\Desktop\ECSoC_2026\devlink\backend\venv\Lib\site-packages\sqlalchemy\util\langhelpers.py", line 122, in __exit__
    raise exc_value.with_traceback(exc_tb)
  File "C:\Users\babin\Desktop\ECSoC_2026\devlink\backend\venv\Lib\site-packages\sqlalchemy\pool\impl.py", line 176, in _do_get
    return self._create_connection()
           ~~~~~~~~~~~~~~~~~~~~~~~^^
  File "C:\Users\babin\Desktop\ECSoC_2026\devlink\backend\venv\Lib\site-packages\sqlalchemy\pool\base.py", line 389, in _create_connection
    return _ConnectionRecord(self)
  File "C:\Users\babin\Desktop\ECSoC_2026\devlink\backend\venv\Lib\site-packages\sqlalchemy\pool\base.py", line 674, in __init__
    self.__connect()
    ~~~~~~~~~~~~~~^^
  File "C:\Users\babin\Desktop\ECSoC_2026\devlink\backend\venv\Lib\site-packages\sqlalchemy\pool\base.py", line 900, in __connect
    with util.safe_reraise():
         ~~~~~~~~~~~~~~~~~^^
  File "C:\Users\babin\Desktop\ECSoC_2026\devlink\backend\venv\Lib\site-packages\sqlalchemy\util\langhelpers.py", line 122, in __exit__
    raise exc_value.with_traceback(exc_tb)
  File "C:\Users\babin\Desktop\ECSoC_2026\devlink\backend\venv\Lib\site-packages\sqlalchemy\pool\base.py", line 896, in __connect
    self.dbapi_connection = connection = pool._invoke_creator(self)
                                         ~~~~~~~~~~~~~~~~~~~~^^^^^^
  File "C:\Users\babin\Desktop\ECSoC_2026\devlink\backend\venv\Lib\site-packages\sqlalchemy\engine\create.py", line 667, in connect
    return dialect.connect(*cargs_tup, **cparams)
           ~~~~~~~~~~~~~~~^^^^^^^^^^^^^^^^^^^^^^^
  File "C:\Users\babin\Desktop\ECSoC_2026\devlink\backend\venv\Lib\site-packages\sqlalchemy\engine\default.py", line 630, in connect
    return self.loaded_dbapi.connect(*cargs, **cparams)  # type: ignore[no-any-return]  # NOQA: E501
           ~~~~~~~~~~~~~~~~~~~~~~~~~^^^^^^^^^^^^^^^^^^^
  File "C:\Users\babin\Desktop\ECSoC_2026\devlink\backend\venv\Lib\site-packages\psycopg\connection.py", line 130, in connect
    raise new_ex.with_traceback(None)
sqlalchemy.exc.OperationalError: (psycopg.errors.ConnectionTimeout) connection timeout expired
Multiple connection attempts failed. All failures were:
- host: 'localhost', port: 5432, hostaddr: '::1': connection timeout expired
- host: 'localhost', port: 5432, hostaddr: '127.0.0.1': connection timeout expired
(Background on this error at: https://sqlalche.me/e/20/e3q8)
[2m2026-07-31T19:33:25.759681Z[0m [[32m[1mdebug    [0m] [1mUsing proactor: IocpProactor  [0m [[0m[1m[34masyncio[0m][0m
[2m2026-07-31T19:37:46.259142Z[0m [[31m[1merror    [0m] [1mUnhandled exception during request /api/users/check-username: (psycopg.errors.ConnectionTimeout) connection timeout expired
Multiple connection attempts failed. All failures were:
- host: 'localhost', port: 5432, hostaddr: '::1': connection timeout expired
- host: 'localhost', port: 5432, hostaddr: '127.0.0.1': connection timeout expired
(Background on this error at: https://sqlalche.me/e/20/e3q8)[0m [[0m[1m[34mdevlink[0m][0m
Traceback (most recent call last):
  File "C:\Users\babin\Desktop\ECSoC_2026\devlink\backend\venv\Lib\site-packages\sqlalchemy\engine\base.py", line 144, in __init__
    self._dbapi_connection = engine.raw_connection()
                             ~~~~~~~~~~~~~~~~~~~~~^^
  File "C:\Users\babin\Desktop\ECSoC_2026\devlink\backend\venv\Lib\site-packages\sqlalchemy\engine\base.py", line 3319, in raw_connection
    return self.pool.connect()
           ~~~~~~~~~~~~~~~~~^^
  File "C:\Users\babin\Desktop\ECSoC_2026\devlink\backend\venv\Lib\site-packages\sqlalchemy\pool\base.py", line 448, in connect
    return _ConnectionFairy._checkout(self)
           ~~~~~~~~~~~~~~~~~~~~~~~~~~^^^^^^
  File "C:\Users\babin\Desktop\ECSoC_2026\devlink\backend\venv\Lib\site-packages\sqlalchemy\pool\base.py", line 1272, in _checkout
    fairy = _ConnectionRecord.checkout(pool)
  File "C:\Users\babin\Desktop\ECSoC_2026\devlink\backend\venv\Lib\site-packages\sqlalchemy\pool\base.py", line 712, in checkout
    rec = pool._do_get()
  File "C:\Users\babin\Desktop\ECSoC_2026\devlink\backend\venv\Lib\site-packages\sqlalchemy\pool\impl.py", line 178, in _do_get
    with util.safe_reraise():
         ~~~~~~~~~~~~~~~~~^^
  File "C:\Users\babin\Desktop\ECSoC_2026\devlink\backend\venv\Lib\site-packages\sqlalchemy\util\langhelpers.py", line 122, in __exit__
    raise exc_value.with_traceback(exc_tb)
  File "C:\Users\babin\Desktop\ECSoC_2026\devlink\backend\venv\Lib\site-packages\sqlalchemy\pool\impl.py", line 176, in _do_get
    return self._create_connection()
           ~~~~~~~~~~~~~~~~~~~~~~~^^
  File "C:\Users\babin\Desktop\ECSoC_2026\devlink\backend\venv\Lib\site-packages\sqlalchemy\pool\base.py", line 389, in _create_connection
    return _ConnectionRecord(self)
  File "C:\Users\babin\Desktop\ECSoC_2026\devlink\backend\venv\Lib\site-packages\sqlalchemy\pool\base.py", line 674, in __init__
    self.__connect()
    ~~~~~~~~~~~~~~^^
  File "C:\Users\babin\Desktop\ECSoC_2026\devlink\backend\venv\Lib\site-packages\sqlalchemy\pool\base.py", line 900, in __connect
    with util.safe_reraise():
         ~~~~~~~~~~~~~~~~~^^
  File "C:\Users\babin\Desktop\ECSoC_2026\devlink\backend\venv\Lib\site-packages\sqlalchemy\util\langhelpers.py", line 122, in __exit__
    raise exc_value.with_traceback(exc_tb)
  File "C:\Users\babin\Desktop\ECSoC_2026\devlink\backend\venv\Lib\site-packages\sqlalchemy\pool\base.py", line 896, in __connect
    self.dbapi_connection = connection = pool._invoke_creator(self)
                                         ~~~~~~~~~~~~~~~~~~~~^^^^^^
  File "C:\Users\babin\Desktop\ECSoC_2026\devlink\backend\venv\Lib\site-packages\sqlalchemy\engine\create.py", line 667, in connect
    return dialect.connect(*cargs_tup, **cparams)
           ~~~~~~~~~~~~~~~^^^^^^^^^^^^^^^^^^^^^^^
  File "C:\Users\babin\Desktop\ECSoC_2026\devlink\backend\venv\Lib\site-packages\sqlalchemy\engine\default.py", line 630, in connect
    return self.loaded_dbapi.connect(*cargs, **cparams)  # type: ignore[no-any-return]  # NOQA: E501
           ~~~~~~~~~~~~~~~~~~~~~~~~~^^^^^^^^^^^^^^^^^^^
  File "C:\Users\babin\Desktop\ECSoC_2026\devlink\backend\venv\Lib\site-packages\psycopg\connection.py", line 130, in connect
    raise new_ex.with_traceback(None)
psycopg.errors.ConnectionTimeout: connection timeout expired
Multiple connection attempts failed. All failures were:
- host: 'localhost', port: 5432, hostaddr: '::1': connection timeout expired
- host: 'localhost', port: 5432, hostaddr: '127.0.0.1': connection timeout expired

The above exception was the direct cause of the following exception:

Traceback (most recent call last):
  File "C:\Users\babin\Desktop\ECSoC_2026\devlink\backend\venv\Lib\site-packages\starlette\middleware\errors.py", line 164, in __call__
    await self.app(scope, receive, _send)
  File "C:\Users\babin\Desktop\ECSoC_2026\devlink\backend\venv\Lib\site-packages\starlette\middleware\cors.py", line 88, in __call__
    await self.app(scope, receive, send)
  File "C:\Users\babin\Desktop\ECSoC_2026\devlink\backend\venv\Lib\site-packages\starlette\middleware\base.py", line 193, in __call__
    response = await self.dispatch_func(request, call_next)
               ^^^^^^^^^^^^^^^^^^^^^^^^^^^^^^^^^^^^^^^^^^^^
  File "C:\Users\babin\Desktop\ECSoC_2026\devlink\backend\app\middleware\org_audit_logging.py", line 18, in dispatch
    response: Response = await call_next(request)
                         ^^^^^^^^^^^^^^^^^^^^^^^^
  File "C:\Users\babin\Desktop\ECSoC_2026\devlink\backend\venv\Lib\site-packages\starlette\middleware\base.py", line 168, in call_next
    raise app_exc from app_exc.__cause__ or app_exc.__context__
  File "C:\Users\babin\Desktop\ECSoC_2026\devlink\backend\venv\Lib\site-packages\starlette\middleware\base.py", line 144, in coro
    await self.app(scope, receive_or_disconnect, send_no_error)
  File "C:\Users\babin\Desktop\ECSoC_2026\devlink\backend\venv\Lib\site-packages\starlette\middleware\base.py", line 193, in __call__
    response = await self.dispatch_func(request, call_next)
               ^^^^^^^^^^^^^^^^^^^^^^^^^^^^^^^^^^^^^^^^^^^^
  File "C:\Users\babin\Desktop\ECSoC_2026\devlink\backend\app\middleware\audit_context.py", line 36, in dispatch
    response = await call_next(request)
               ^^^^^^^^^^^^^^^^^^^^^^^^
  File "C:\Users\babin\Desktop\ECSoC_2026\devlink\backend\venv\Lib\site-packages\starlette\middleware\base.py", line 168, in call_next
    raise app_exc from app_exc.__cause__ or app_exc.__context__
  File "C:\Users\babin\Desktop\ECSoC_2026\devlink\backend\venv\Lib\site-packages\starlette\middleware\base.py", line 144, in coro
    await self.app(scope, receive_or_disconnect, send_no_error)
  File "C:\Users\babin\Desktop\ECSoC_2026\devlink\backend\venv\Lib\site-packages\starlette\middleware\base.py", line 193, in __call__
    response = await self.dispatch_func(request, call_next)
               ^^^^^^^^^^^^^^^^^^^^^^^^^^^^^^^^^^^^^^^^^^^^
  File "C:\Users\babin\Desktop\ECSoC_2026\devlink\backend\app\middleware\maintenance.py", line 59, in dispatch
    maintenance = get_active_maintenance()
  File "C:\Users\babin\Desktop\ECSoC_2026\devlink\backend\app\middleware\maintenance.py", line 37, in get_active_maintenance
    window = db.scalar(stmt)
  File "C:\Users\babin\Desktop\ECSoC_2026\devlink\backend\venv\Lib\site-packages\sqlalchemy\orm\session.py", line 2421, in scalar
    return self._execute_internal(
           ~~~~~~~~~~~~~~~~~~~~~~^
        statement,
        ^^^^^^^^^^
    ...<4 lines>...
        **kw,
        ^^^^^
    )
    ^
  File "C:\Users\babin\Desktop\ECSoC_2026\devlink\backend\venv\Lib\site-packages\sqlalchemy\orm\session.py", line 2261, in _execute_internal
    conn = self._connection_for_bind(bind)
  File "C:\Users\babin\Desktop\ECSoC_2026\devlink\backend\venv\Lib\site-packages\sqlalchemy\orm\session.py", line 2113, in _connection_for_bind
    return trans._connection_for_bind(engine, execution_options)
           ~~~~~~~~~~~~~~~~~~~~~~~~~~^^^^^^^^^^^^^^^^^^^^^^^^^^^
  File "<string>", line 2, in _connection_for_bind
  File "C:\Users\babin\Desktop\ECSoC_2026\devlink\backend\venv\Lib\site-packages\sqlalchemy\orm\state_changes.py", line 137, in _go
    ret_value = fn(self, *arg, **kw)
  File "C:\Users\babin\Desktop\ECSoC_2026\devlink\backend\venv\Lib\site-packages\sqlalchemy\orm\session.py", line 1191, in _connection_for_bind
    conn = bind.connect()
  File "C:\Users\babin\Desktop\ECSoC_2026\devlink\backend\venv\Lib\site-packages\sqlalchemy\engine\base.py", line 3295, in connect
    return self._connection_cls(self)
           ~~~~~~~~~~~~~~~~~~~~^^^^^^
  File "C:\Users\babin\Desktop\ECSoC_2026\devlink\backend\venv\Lib\site-packages\sqlalchemy\engine\base.py", line 146, in __init__
    Connection._handle_dbapi_exception_noconnection(
    ~~~~~~~~~~~~~~~~~~~~~~~~~~~~~~~~~~~~~~~~~~~~~~~^
        err, dialect, engine
        ^^^^^^^^^^^^^^^^^^^^
    )
    ^
  File "C:\Users\babin\Desktop\ECSoC_2026\devlink\backend\venv\Lib\site-packages\sqlalchemy\engine\base.py", line 2450, in _handle_dbapi_exception_noconnection
    raise sqlalchemy_exception.with_traceback(exc_info[2]) from e
  File "C:\Users\babin\Desktop\ECSoC_2026\devlink\backend\venv\Lib\site-packages\sqlalchemy\engine\base.py", line 144, in __init__
    self._dbapi_connection = engine.raw_connection()
                             ~~~~~~~~~~~~~~~~~~~~~^^
  File "C:\Users\babin\Desktop\ECSoC_2026\devlink\backend\venv\Lib\site-packages\sqlalchemy\engine\base.py", line 3319, in raw_connection
    return self.pool.connect()
           ~~~~~~~~~~~~~~~~~^^
  File "C:\Users\babin\Desktop\ECSoC_2026\devlink\backend\venv\Lib\site-packages\sqlalchemy\pool\base.py", line 448, in connect
    return _ConnectionFairy._checkout(self)
           ~~~~~~~~~~~~~~~~~~~~~~~~~~^^^^^^
  File "C:\Users\babin\Desktop\ECSoC_2026\devlink\backend\venv\Lib\site-packages\sqlalchemy\pool\base.py", line 1272, in _checkout
    fairy = _ConnectionRecord.checkout(pool)
  File "C:\Users\babin\Desktop\ECSoC_2026\devlink\backend\venv\Lib\site-packages\sqlalchemy\pool\base.py", line 712, in checkout
    rec = pool._do_get()
  File "C:\Users\babin\Desktop\ECSoC_2026\devlink\backend\venv\Lib\site-packages\sqlalchemy\pool\impl.py", line 178, in _do_get
    with util.safe_reraise():
         ~~~~~~~~~~~~~~~~~^^
  File "C:\Users\babin\Desktop\ECSoC_2026\devlink\backend\venv\Lib\site-packages\sqlalchemy\util\langhelpers.py", line 122, in __exit__
    raise exc_value.with_traceback(exc_tb)
  File "C:\Users\babin\Desktop\ECSoC_2026\devlink\backend\venv\Lib\site-packages\sqlalchemy\pool\impl.py", line 176, in _do_get
    return self._create_connection()
           ~~~~~~~~~~~~~~~~~~~~~~~^^
  File "C:\Users\babin\Desktop\ECSoC_2026\devlink\backend\venv\Lib\site-packages\sqlalchemy\pool\base.py", line 389, in _create_connection
    return _ConnectionRecord(self)
  File "C:\Users\babin\Desktop\ECSoC_2026\devlink\backend\venv\Lib\site-packages\sqlalchemy\pool\base.py", line 674, in __init__
    self.__connect()
    ~~~~~~~~~~~~~~^^
  File "C:\Users\babin\Desktop\ECSoC_2026\devlink\backend\venv\Lib\site-packages\sqlalchemy\pool\base.py", line 900, in __connect
    with util.safe_reraise():
         ~~~~~~~~~~~~~~~~~^^
  File "C:\Users\babin\Desktop\ECSoC_2026\devlink\backend\venv\Lib\site-packages\sqlalchemy\util\langhelpers.py", line 122, in __exit__
    raise exc_value.with_traceback(exc_tb)
  File "C:\Users\babin\Desktop\ECSoC_2026\devlink\backend\venv\Lib\site-packages\sqlalchemy\pool\base.py", line 896, in __connect
    self.dbapi_connection = connection = pool._invoke_creator(self)
                                         ~~~~~~~~~~~~~~~~~~~~^^^^^^
  File "C:\Users\babin\Desktop\ECSoC_2026\devlink\backend\venv\Lib\site-packages\sqlalchemy\engine\create.py", line 667, in connect
    return dialect.connect(*cargs_tup, **cparams)
           ~~~~~~~~~~~~~~~^^^^^^^^^^^^^^^^^^^^^^^
  File "C:\Users\babin\Desktop\ECSoC_2026\devlink\backend\venv\Lib\site-packages\sqlalchemy\engine\default.py", line 630, in connect
    return self.loaded_dbapi.connect(*cargs, **cparams)  # type: ignore[no-any-return]  # NOQA: E501
           ~~~~~~~~~~~~~~~~~~~~~~~~~^^^^^^^^^^^^^^^^^^^
  File "C:\Users\babin\Desktop\ECSoC_2026\devlink\backend\venv\Lib\site-packages\psycopg\connection.py", line 130, in connect
    raise new_ex.with_traceback(None)
sqlalchemy.exc.OperationalError: (psycopg.errors.ConnectionTimeout) connection timeout expired
Multiple connection attempts failed. All failures were:
- host: 'localhost', port: 5432, hostaddr: '::1': connection timeout expired
- host: 'localhost', port: 5432, hostaddr: '127.0.0.1': connection timeout expired
(Background on this error at: https://sqlalche.me/e/20/e3q8)
[2m2026-07-31T19:37:48.875100Z[0m [[32m[1mdebug    [0m] [1mUsing proactor: IocpProactor  [0m [[0m[1m[34masyncio[0m][0m
[2m2026-07-31T19:42:09.725518Z[0m [[31m[1merror    [0m] [1mUnhandled exception during request /api/users/check-username: (psycopg.errors.ConnectionTimeout) connection timeout expired
Multiple connection attempts failed. All failures were:
- host: 'localhost', port: 5432, hostaddr: '::1': connection timeout expired
- host: 'localhost', port: 5432, hostaddr: '127.0.0.1': connection timeout expired
(Background on this error at: https://sqlalche.me/e/20/e3q8)[0m [[0m[1m[34mdevlink[0m][0m
Traceback (most recent call last):
  File "C:\Users\babin\Desktop\ECSoC_2026\devlink\backend\venv\Lib\site-packages\sqlalchemy\engine\base.py", line 144, in __init__
    self._dbapi_connection = engine.raw_connection()
                             ~~~~~~~~~~~~~~~~~~~~~^^
  File "C:\Users\babin\Desktop\ECSoC_2026\devlink\backend\venv\Lib\site-packages\sqlalchemy\engine\base.py", line 3319, in raw_connection
    return self.pool.connect()
           ~~~~~~~~~~~~~~~~~^^
  File "C:\Users\babin\Desktop\ECSoC_2026\devlink\backend\venv\Lib\site-packages\sqlalchemy\pool\base.py", line 448, in connect
    return _ConnectionFairy._checkout(self)
           ~~~~~~~~~~~~~~~~~~~~~~~~~~^^^^^^
  File "C:\Users\babin\Desktop\ECSoC_2026\devlink\backend\venv\Lib\site-packages\sqlalchemy\pool\base.py", line 1272, in _checkout
    fairy = _ConnectionRecord.checkout(pool)
  File "C:\Users\babin\Desktop\ECSoC_2026\devlink\backend\venv\Lib\site-packages\sqlalchemy\pool\base.py", line 712, in checkout
    rec = pool._do_get()
  File "C:\Users\babin\Desktop\ECSoC_2026\devlink\backend\venv\Lib\site-packages\sqlalchemy\pool\impl.py", line 178, in _do_get
    with util.safe_reraise():
         ~~~~~~~~~~~~~~~~~^^
  File "C:\Users\babin\Desktop\ECSoC_2026\devlink\backend\venv\Lib\site-packages\sqlalchemy\util\langhelpers.py", line 122, in __exit__
    raise exc_value.with_traceback(exc_tb)
  File "C:\Users\babin\Desktop\ECSoC_2026\devlink\backend\venv\Lib\site-packages\sqlalchemy\pool\impl.py", line 176, in _do_get
    return self._create_connection()
           ~~~~~~~~~~~~~~~~~~~~~~~^^
  File "C:\Users\babin\Desktop\ECSoC_2026\devlink\backend\venv\Lib\site-packages\sqlalchemy\pool\base.py", line 389, in _create_connection
    return _ConnectionRecord(self)
  File "C:\Users\babin\Desktop\ECSoC_2026\devlink\backend\venv\Lib\site-packages\sqlalchemy\pool\base.py", line 674, in __init__
    self.__connect()
    ~~~~~~~~~~~~~~^^
  File "C:\Users\babin\Desktop\ECSoC_2026\devlink\backend\venv\Lib\site-packages\sqlalchemy\pool\base.py", line 900, in __connect
    with util.safe_reraise():
         ~~~~~~~~~~~~~~~~~^^
  File "C:\Users\babin\Desktop\ECSoC_2026\devlink\backend\venv\Lib\site-packages\sqlalchemy\util\langhelpers.py", line 122, in __exit__
    raise exc_value.with_traceback(exc_tb)
  File "C:\Users\babin\Desktop\ECSoC_2026\devlink\backend\venv\Lib\site-packages\sqlalchemy\pool\base.py", line 896, in __connect
    self.dbapi_connection = connection = pool._invoke_creator(self)
                                         ~~~~~~~~~~~~~~~~~~~~^^^^^^
  File "C:\Users\babin\Desktop\ECSoC_2026\devlink\backend\venv\Lib\site-packages\sqlalchemy\engine\create.py", line 667, in connect
    return dialect.connect(*cargs_tup, **cparams)
           ~~~~~~~~~~~~~~~^^^^^^^^^^^^^^^^^^^^^^^
  File "C:\Users\babin\Desktop\ECSoC_2026\devlink\backend\venv\Lib\site-packages\sqlalchemy\engine\default.py", line 630, in connect
    return self.loaded_dbapi.connect(*cargs, **cparams)  # type: ignore[no-any-return]  # NOQA: E501
           ~~~~~~~~~~~~~~~~~~~~~~~~~^^^^^^^^^^^^^^^^^^^
  File "C:\Users\babin\Desktop\ECSoC_2026\devlink\backend\venv\Lib\site-packages\psycopg\connection.py", line 130, in connect
    raise new_ex.with_traceback(None)
psycopg.errors.ConnectionTimeout: connection timeout expired
Multiple connection attempts failed. All failures were:
- host: 'localhost', port: 5432, hostaddr: '::1': connection timeout expired
- host: 'localhost', port: 5432, hostaddr: '127.0.0.1': connection timeout expired

The above exception was the direct cause of the following exception:

Traceback (most recent call last):
  File "C:\Users\babin\Desktop\ECSoC_2026\devlink\backend\venv\Lib\site-packages\starlette\middleware\errors.py", line 164, in __call__
    await self.app(scope, receive, _send)
  File "C:\Users\babin\Desktop\ECSoC_2026\devlink\backend\venv\Lib\site-packages\starlette\middleware\cors.py", line 88, in __call__
    await self.app(scope, receive, send)
  File "C:\Users\babin\Desktop\ECSoC_2026\devlink\backend\venv\Lib\site-packages\starlette\middleware\base.py", line 193, in __call__
    response = await self.dispatch_func(request, call_next)
               ^^^^^^^^^^^^^^^^^^^^^^^^^^^^^^^^^^^^^^^^^^^^
  File "C:\Users\babin\Desktop\ECSoC_2026\devlink\backend\app\middleware\org_audit_logging.py", line 18, in dispatch
    response: Response = await call_next(request)
                         ^^^^^^^^^^^^^^^^^^^^^^^^
  File "C:\Users\babin\Desktop\ECSoC_2026\devlink\backend\venv\Lib\site-packages\starlette\middleware\base.py", line 168, in call_next
    raise app_exc from app_exc.__cause__ or app_exc.__context__
  File "C:\Users\babin\Desktop\ECSoC_2026\devlink\backend\venv\Lib\site-packages\starlette\middleware\base.py", line 144, in coro
    await self.app(scope, receive_or_disconnect, send_no_error)
  File "C:\Users\babin\Desktop\ECSoC_2026\devlink\backend\venv\Lib\site-packages\starlette\middleware\base.py", line 193, in __call__
    response = await self.dispatch_func(request, call_next)
               ^^^^^^^^^^^^^^^^^^^^^^^^^^^^^^^^^^^^^^^^^^^^
  File "C:\Users\babin\Desktop\ECSoC_2026\devlink\backend\app\middleware\audit_context.py", line 36, in dispatch
    response = await call_next(request)
               ^^^^^^^^^^^^^^^^^^^^^^^^
  File "C:\Users\babin\Desktop\ECSoC_2026\devlink\backend\venv\Lib\site-packages\starlette\middleware\base.py", line 168, in call_next
    raise app_exc from app_exc.__cause__ or app_exc.__context__
  File "C:\Users\babin\Desktop\ECSoC_2026\devlink\backend\venv\Lib\site-packages\starlette\middleware\base.py", line 144, in coro
    await self.app(scope, receive_or_disconnect, send_no_error)
  File "C:\Users\babin\Desktop\ECSoC_2026\devlink\backend\venv\Lib\site-packages\starlette\middleware\base.py", line 193, in __call__
    response = await self.dispatch_func(request, call_next)
               ^^^^^^^^^^^^^^^^^^^^^^^^^^^^^^^^^^^^^^^^^^^^
  File "C:\Users\babin\Desktop\ECSoC_2026\devlink\backend\app\middleware\maintenance.py", line 59, in dispatch
    maintenance = get_active_maintenance()
  File "C:\Users\babin\Desktop\ECSoC_2026\devlink\backend\app\middleware\maintenance.py", line 37, in get_active_maintenance
    window = db.scalar(stmt)
  File "C:\Users\babin\Desktop\ECSoC_2026\devlink\backend\venv\Lib\site-packages\sqlalchemy\orm\session.py", line 2421, in scalar
    return self._execute_internal(
           ~~~~~~~~~~~~~~~~~~~~~~^
        statement,
        ^^^^^^^^^^
    ...<4 lines>...
        **kw,
        ^^^^^
    )
    ^
  File "C:\Users\babin\Desktop\ECSoC_2026\devlink\backend\venv\Lib\site-packages\sqlalchemy\orm\session.py", line 2261, in _execute_internal
    conn = self._connection_for_bind(bind)
  File "C:\Users\babin\Desktop\ECSoC_2026\devlink\backend\venv\Lib\site-packages\sqlalchemy\orm\session.py", line 2113, in _connection_for_bind
    return trans._connection_for_bind(engine, execution_options)
           ~~~~~~~~~~~~~~~~~~~~~~~~~~^^^^^^^^^^^^^^^^^^^^^^^^^^^
  File "<string>", line 2, in _connection_for_bind
  File "C:\Users\babin\Desktop\ECSoC_2026\devlink\backend\venv\Lib\site-packages\sqlalchemy\orm\state_changes.py", line 137, in _go
    ret_value = fn(self, *arg, **kw)
  File "C:\Users\babin\Desktop\ECSoC_2026\devlink\backend\venv\Lib\site-packages\sqlalchemy\orm\session.py", line 1191, in _connection_for_bind
    conn = bind.connect()
  File "C:\Users\babin\Desktop\ECSoC_2026\devlink\backend\venv\Lib\site-packages\sqlalchemy\engine\base.py", line 3295, in connect
    return self._connection_cls(self)
           ~~~~~~~~~~~~~~~~~~~~^^^^^^
  File "C:\Users\babin\Desktop\ECSoC_2026\devlink\backend\venv\Lib\site-packages\sqlalchemy\engine\base.py", line 146, in __init__
    Connection._handle_dbapi_exception_noconnection(
    ~~~~~~~~~~~~~~~~~~~~~~~~~~~~~~~~~~~~~~~~~~~~~~~^
        err, dialect, engine
        ^^^^^^^^^^^^^^^^^^^^
    )
    ^
  File "C:\Users\babin\Desktop\ECSoC_2026\devlink\backend\venv\Lib\site-packages\sqlalchemy\engine\base.py", line 2450, in _handle_dbapi_exception_noconnection
    raise sqlalchemy_exception.with_traceback(exc_info[2]) from e
  File "C:\Users\babin\Desktop\ECSoC_2026\devlink\backend\venv\Lib\site-packages\sqlalchemy\engine\base.py", line 144, in __init__
    self._dbapi_connection = engine.raw_connection()
                             ~~~~~~~~~~~~~~~~~~~~~^^
  File "C:\Users\babin\Desktop\ECSoC_2026\devlink\backend\venv\Lib\site-packages\sqlalchemy\engine\base.py", line 3319, in raw_connection
    return self.pool.connect()
           ~~~~~~~~~~~~~~~~~^^
  File "C:\Users\babin\Desktop\ECSoC_2026\devlink\backend\venv\Lib\site-packages\sqlalchemy\pool\base.py", line 448, in connect
    return _ConnectionFairy._checkout(self)
           ~~~~~~~~~~~~~~~~~~~~~~~~~~^^^^^^
  File "C:\Users\babin\Desktop\ECSoC_2026\devlink\backend\venv\Lib\site-packages\sqlalchemy\pool\base.py", line 1272, in _checkout
    fairy = _ConnectionRecord.checkout(pool)
  File "C:\Users\babin\Desktop\ECSoC_2026\devlink\backend\venv\Lib\site-packages\sqlalchemy\pool\base.py", line 712, in checkout
    rec = pool._do_get()
  File "C:\Users\babin\Desktop\ECSoC_2026\devlink\backend\venv\Lib\site-packages\sqlalchemy\pool\impl.py", line 178, in _do_get
    with util.safe_reraise():
         ~~~~~~~~~~~~~~~~~^^
  File "C:\Users\babin\Desktop\ECSoC_2026\devlink\backend\venv\Lib\site-packages\sqlalchemy\util\langhelpers.py", line 122, in __exit__
    raise exc_value.with_traceback(exc_tb)
  File "C:\Users\babin\Desktop\ECSoC_2026\devlink\backend\venv\Lib\site-packages\sqlalchemy\pool\impl.py", line 176, in _do_get
    return self._create_connection()
           ~~~~~~~~~~~~~~~~~~~~~~~^^
  File "C:\Users\babin\Desktop\ECSoC_2026\devlink\backend\venv\Lib\site-packages\sqlalchemy\pool\base.py", line 389, in _create_connection
    return _ConnectionRecord(self)
  File "C:\Users\babin\Desktop\ECSoC_2026\devlink\backend\venv\Lib\site-packages\sqlalchemy\pool\base.py", line 674, in __init__
    self.__connect()
    ~~~~~~~~~~~~~~^^
  File "C:\Users\babin\Desktop\ECSoC_2026\devlink\backend\venv\Lib\site-packages\sqlalchemy\pool\base.py", line 900, in __connect
    with util.safe_reraise():
         ~~~~~~~~~~~~~~~~~^^
  File "C:\Users\babin\Desktop\ECSoC_2026\devlink\backend\venv\Lib\site-packages\sqlalchemy\util\langhelpers.py", line 122, in __exit__
    raise exc_value.with_traceback(exc_tb)
  File "C:\Users\babin\Desktop\ECSoC_2026\devlink\backend\venv\Lib\site-packages\sqlalchemy\pool\base.py", line 896, in __connect
    self.dbapi_connection = connection = pool._invoke_creator(self)
                                         ~~~~~~~~~~~~~~~~~~~~^^^^^^
  File "C:\Users\babin\Desktop\ECSoC_2026\devlink\backend\venv\Lib\site-packages\sqlalchemy\engine\create.py", line 667, in connect
    return dialect.connect(*cargs_tup, **cparams)
           ~~~~~~~~~~~~~~~^^^^^^^^^^^^^^^^^^^^^^^
  File "C:\Users\babin\Desktop\ECSoC_2026\devlink\backend\venv\Lib\site-packages\sqlalchemy\engine\default.py", line 630, in connect
    return self.loaded_dbapi.connect(*cargs, **cparams)  # type: ignore[no-any-return]  # NOQA: E501
           ~~~~~~~~~~~~~~~~~~~~~~~~~^^^^^^^^^^^^^^^^^^^
  File "C:\Users\babin\Desktop\ECSoC_2026\devlink\backend\venv\Lib\site-packages\psycopg\connection.py", line 130, in connect
    raise new_ex.with_traceback(None)
sqlalchemy.exc.OperationalError: (psycopg.errors.ConnectionTimeout) connection timeout expired
Multiple connection attempts failed. All failures were:
- host: 'localhost', port: 5432, hostaddr: '::1': connection timeout expired
- host: 'localhost', port: 5432, hostaddr: '127.0.0.1': connection timeout expired
(Background on this error at: https://sqlalche.me/e/20/e3q8)
[2m2026-07-31T19:42:26.243129Z[0m [[32m[1mdebug    [0m] [1mUsing proactor: IocpProactor  [0m [[0m[1m[34masyncio[0m][0m
